Archive member included to satisfy reference by file (symbol)

/usr/lib/x86_64-linux-gnu/libc_nonshared.a(elf-init.oS)
                              /usr/lib/gcc/x86_64-linux-gnu/7/../../../x86_64-linux-gnu/Scrt1.o (__libc_csu_init)

As-needed library included to satisfy reference by file (symbol)

libc.so.6                     /mnt/d/Code/Code/makefile/make/build/out//src/cJSON.o (strcpy@@GLIBC_2.2.5)

Discarded input sections

 .rodata.cst4   0x0000000000000000        0x4 /usr/lib/gcc/x86_64-linux-gnu/7/../../../x86_64-linux-gnu/Scrt1.o
 .data          0x0000000000000000        0x4 /usr/lib/gcc/x86_64-linux-gnu/7/../../../x86_64-linux-gnu/Scrt1.o
 .bss           0x0000000000000000        0x0 /usr/lib/gcc/x86_64-linux-gnu/7/../../../x86_64-linux-gnu/Scrt1.o
 .note.GNU-stack
                0x0000000000000000        0x0 /usr/lib/gcc/x86_64-linux-gnu/7/../../../x86_64-linux-gnu/Scrt1.o
 .text          0x0000000000000000        0x0 /usr/lib/gcc/x86_64-linux-gnu/7/../../../x86_64-linux-gnu/crti.o
 .data          0x0000000000000000        0x0 /usr/lib/gcc/x86_64-linux-gnu/7/../../../x86_64-linux-gnu/crti.o
 .bss           0x0000000000000000        0x0 /usr/lib/gcc/x86_64-linux-gnu/7/../../../x86_64-linux-gnu/crti.o
 .note.GNU-stack
                0x0000000000000000        0x0 /usr/lib/gcc/x86_64-linux-gnu/7/../../../x86_64-linux-gnu/crti.o
 .data          0x0000000000000000        0x0 /usr/lib/gcc/x86_64-linux-gnu/7/crtbeginS.o
 .note.GNU-stack
                0x0000000000000000        0x0 /usr/lib/gcc/x86_64-linux-gnu/7/crtbeginS.o
 .text          0x0000000000000000        0x0 /mnt/d/Code/Code/makefile/make/build/out//./main.o
 .data          0x0000000000000000        0x0 /mnt/d/Code/Code/makefile/make/build/out//./main.o
 .bss           0x0000000000000000        0x0 /mnt/d/Code/Code/makefile/make/build/out//./main.o
 .note.GNU-stack
                0x0000000000000000        0x0 /mnt/d/Code/Code/makefile/make/build/out//./main.o
 .text          0x0000000000000000        0x0 /mnt/d/Code/Code/makefile/make/build/out//./test.o
 .data          0x0000000000000000        0x0 /mnt/d/Code/Code/makefile/make/build/out//./test.o
 .bss           0x0000000000000000        0x0 /mnt/d/Code/Code/makefile/make/build/out//./test.o
 .note.GNU-stack
                0x0000000000000000        0x0 /mnt/d/Code/Code/makefile/make/build/out//./test.o
 .text          0x0000000000000000        0x0 /mnt/d/Code/Code/makefile/make/build/out//src/cJSON.o
 .data          0x0000000000000000        0x0 /mnt/d/Code/Code/makefile/make/build/out//src/cJSON.o
 .bss           0x0000000000000000        0x0 /mnt/d/Code/Code/makefile/make/build/out//src/cJSON.o
 .text.get_array_item
                0x0000000000000000       0x1e /mnt/d/Code/Code/makefile/make/build/out//src/cJSON.o
 .text.get_object_item
                0x0000000000000000       0x7d /mnt/d/Code/Code/makefile/make/build/out//src/cJSON.o
 .text.add_item_to_array
                0x0000000000000000       0x36 /mnt/d/Code/Code/makefile/make/build/out//src/cJSON.o
 .text.create_reference.constprop.13
                0x0000000000000000       0x4a /mnt/d/Code/Code/makefile/make/build/out//src/cJSON.o
 .text.cJSON_strdup.isra.4.constprop.16
                0x0000000000000000       0x42 /mnt/d/Code/Code/makefile/make/build/out//src/cJSON.o
 .text.add_item_to_object.constprop.12
                0x0000000000000000       0x88 /mnt/d/Code/Code/makefile/make/build/out//src/cJSON.o
 .text.cJSON_GetErrorPtr
                0x0000000000000000        0xf /mnt/d/Code/Code/makefile/make/build/out//src/cJSON.o
 .rodata.cJSON_Version.str1.1
                0x0000000000000000        0x9 /mnt/d/Code/Code/makefile/make/build/out//src/cJSON.o
 .text.cJSON_Version
                0x0000000000000000       0x3d /mnt/d/Code/Code/makefile/make/build/out//src/cJSON.o
 .text.cJSON_InitHooks
                0x0000000000000000       0x75 /mnt/d/Code/Code/makefile/make/build/out//src/cJSON.o
 .text.cJSON_SetNumberHelper
                0x0000000000000000       0x37 /mnt/d/Code/Code/makefile/make/build/out//src/cJSON.o
 .text.cJSON_Print
                0x0000000000000000        0xa /mnt/d/Code/Code/makefile/make/build/out//src/cJSON.o
 .text.cJSON_PrintBuffered
                0x0000000000000000       0xb8 /mnt/d/Code/Code/makefile/make/build/out//src/cJSON.o
 .text.cJSON_PrintPreallocated
                0x0000000000000000       0x8c /mnt/d/Code/Code/makefile/make/build/out//src/cJSON.o
 .text.cJSON_GetArraySize
                0x0000000000000000       0x1b /mnt/d/Code/Code/makefile/make/build/out//src/cJSON.o
 .text.cJSON_GetArrayItem
                0x0000000000000000        0xf /mnt/d/Code/Code/makefile/make/build/out//src/cJSON.o
 .text.cJSON_GetObjectItem
                0x0000000000000000        0x7 /mnt/d/Code/Code/makefile/make/build/out//src/cJSON.o
 .text.cJSON_GetObjectItemCaseSensitive
                0x0000000000000000        0xa /mnt/d/Code/Code/makefile/make/build/out//src/cJSON.o
[...]
Memory Configuration

Name             Origin             Length             Attributes
*default*        0x0000000000000000 0xffffffffffffffff

Linker script and memory map

LOAD /usr/lib/gcc/x86_64-linux-gnu/7/../../../x86_64-linux-gnu/Scrt1.o
LOAD /usr/lib/gcc/x86_64-linux-gnu/7/../../../x86_64-linux-gnu/crti.o
LOAD /usr/lib/gcc/x86_64-linux-gnu/7/crtbeginS.o
LOAD /mnt/d/Code/Code/makefile/make/build/out//./main.o
LOAD /mnt/d/Code/Code/makefile/make/build/out//./test.o
LOAD /mnt/d/Code/Code/makefile/make/build/out//src/cJSON.o
LOAD /mnt/d/Code/Code/makefile/make/build/out//source/cJSON_Utils.o
START GROUP
LOAD /mnt/d/Code/Code/makefile/make/mod/app/lib/app.a
END GROUP
LOAD /usr/lib/gcc/x86_64-linux-gnu/7/../../../x86_64-linux-gnu/libpthread.so
START GROUP
LOAD /lib/x86_64-linux-gnu/libpthread.so.0
LOAD /usr/lib/x86_64-linux-gnu/libpthread_nonshared.a
END GROUP
LOAD /usr/lib/gcc/x86_64-linux-gnu/7/../../../x86_64-linux-gnu/libdl.so
LOAD /usr/lib/gcc/x86_64-linux-gnu/7/../../../x86_64-linux-gnu/libm.so
START GROUP
LOAD /lib/x86_64-linux-gnu/libm.so.6
LOAD /usr/lib/x86_64-linux-gnu/libmvec_nonshared.a
LOAD /lib/x86_64-linux-gnu/libmvec.so.1
END GROUP
LOAD /usr/lib/gcc/x86_64-linux-gnu/7/libgcc.a
LOAD /usr/lib/gcc/x86_64-linux-gnu/7/libgcc_s.so
START GROUP
LOAD /usr/lib/gcc/x86_64-linux-gnu/7/libgcc_s.so.1
LOAD /usr/lib/gcc/x86_64-linux-gnu/7/libgcc.a
END GROUP
LOAD /usr/lib/gcc/x86_64-linux-gnu/7/../../../x86_64-linux-gnu/libc.so
START GROUP
LOAD /lib/x86_64-linux-gnu/libc.so.6
LOAD /usr/lib/x86_64-linux-gnu/libc_nonshared.a
LOAD /lib/x86_64-linux-gnu/ld-linux-x86-64.so.2
END GROUP
LOAD /usr/lib/gcc/x86_64-linux-gnu/7/libgcc.a
LOAD /usr/lib/gcc/x86_64-linux-gnu/7/libgcc_s.so
START GROUP
LOAD /usr/lib/gcc/x86_64-linux-gnu/7/libgcc_s.so.1
LOAD /usr/lib/gcc/x86_64-linux-gnu/7/libgcc.a
END GROUP
LOAD /usr/lib/gcc/x86_64-linux-gnu/7/crtendS.o
LOAD /usr/lib/gcc/x86_64-linux-gnu/7/../../../x86_64-linux-gnu/crtn.o
                [!provide]                        PROVIDE (__executable_start = SEGMENT_START ("text-segment", 0x0))
                0x0000000000000238                . = (SEGMENT_START ("text-segment", 0x0) + SIZEOF_HEADERS)

.interp         0x0000000000000238       0x1c
 *(.interp)
 .interp        0x0000000000000238       0x1c /usr/lib/gcc/x86_64-linux-gnu/7/../../../x86_64-linux-gnu/Scrt1.o

.note.ABI-tag   0x0000000000000254       0x20
 .note.ABI-tag  0x0000000000000254       0x20 /usr/lib/gcc/x86_64-linux-gnu/7/../../../x86_64-linux-gnu/Scrt1.o

.note.gnu.build-id
                0x0000000000000274       0x24
 *(.note.gnu.build-id)
 .note.gnu.build-id
                0x0000000000000274       0x24 /usr/lib/gcc/x86_64-linux-gnu/7/../../../x86_64-linux-gnu/Scrt1.o

.hash
 *(.hash)

.gnu.hash       0x0000000000000298       0x1c
 *(.gnu.hash)
 .gnu.hash      0x0000000000000298       0x1c /usr/lib/gcc/x86_64-linux-gnu/7/../../../x86_64-linux-gnu/Scrt1.o

.dynsym         0x00000000000002b8      0x198
 *(.dynsym)
 .dynsym        0x00000000000002b8      0x198 /usr/lib/gcc/x86_64-linux-gnu/7/../../../x86_64-linux-gnu/Scrt1.o

.dynstr         0x0000000000000450      0x108
 *(.dynstr)
 .dynstr        0x0000000000000450      0x108 /usr/lib/gcc/x86_64-linux-gnu/7/../../../x86_64-linux-gnu/Scrt1.o

.gnu.version    0x0000000000000558       0x22
 *(.gnu.version)
 .gnu.version   0x0000000000000558       0x22 /usr/lib/gcc/x86_64-linux-gnu/7/../../../x86_64-linux-gnu/Scrt1.o

.gnu.version_d  0x0000000000000580        0x0
 *(.gnu.version_d)
 .gnu.version_d
                0x0000000000000580        0x0 /usr/lib/gcc/x86_64-linux-gnu/7/../../../x86_64-linux-gnu/Scrt1.o

.gnu.version_r  0x0000000000000580       0x50
 *(.gnu.version_r)
 .gnu.version_r
                0x0000000000000580       0x50 /usr/lib/gcc/x86_64-linux-gnu/7/../../../x86_64-linux-gnu/Scrt1.o

.rela.dyn       0x00000000000005d0      0x108
 *(.rela.init)
 *(.rela.text .rela.text.* .rela.gnu.linkonce.t.*)
 .rela.text     0x00000000000005d0        0x0 /usr/lib/gcc/x86_64-linux-gnu/7/../../../x86_64-linux-gnu/Scrt1.o
 *(.rela.fini)
 *(.rela.rodata .rela.rodata.* .rela.gnu.linkonce.r.*)
 *(.rela.data .rela.data.* .rela.gnu.linkonce.d.*)
 .rela.data.rel.ro
                0x00000000000005d0        0x0 /usr/lib/gcc/x86_64-linux-gnu/7/../../../x86_64-linux-gnu/Scrt1.o
 .rela.data.rel.local
                0x00000000000005d0       0x18 /usr/lib/gcc/x86_64-linux-gnu/7/../../../x86_64-linux-gnu/Scrt1.o
 .rela.data.rel.global_hooks
                0x00000000000005e8       0x48 /usr/lib/gcc/x86_64-linux-gnu/7/../../../x86_64-linux-gnu/Scrt1.o
 *(.rela.tdata .rela.tdata.* .rela.gnu.linkonce.td.*)
 *(.rela.tbss .rela.tbss.* .rela.gnu.linkonce.tb.*)
 *(.rela.ctors)
 *(.rela.dtors)
 *(.rela.got)
 .rela.got      0x0000000000000630       0x78 /usr/lib/gcc/x86_64-linux-gnu/7/../../../x86_64-linux-gnu/Scrt1.o
 *(.rela.bss .rela.bss.* .rela.gnu.linkonce.b.*)
 .rela.bss      0x00000000000006a8        0x0 /usr/lib/gcc/x86_64-linux-gnu/7/../../../x86_64-linux-gnu/Scrt1.o
 *(.rela.ldata .rela.ldata.* .rela.gnu.linkonce.l.*)
 *(.rela.lbss .rela.lbss.* .rela.gnu.linkonce.lb.*)
 *(.rela.lrodata .rela.lrodata.* .rela.gnu.linkonce.lr.*)
 *(.rela.ifunc)
 .rela.ifunc    0x00000000000006a8        0x0 /usr/lib/gcc/x86_64-linux-gnu/7/../../../x86_64-linux-gnu/Scrt1.o
 .rela.fini_array
                0x00000000000006a8       0x18 /usr/lib/gcc/x86_64-linux-gnu/7/../../../x86_64-linux-gnu/Scrt1.o
 .rela.init_array
                0x00000000000006c0       0x18 /usr/lib/gcc/x86_64-linux-gnu/7/../../../x86_64-linux-gnu/Scrt1.o

.rela.plt       0x00000000000006d8       0xd8
 *(.rela.plt)
 .rela.plt      0x00000000000006d8       0xd8 /usr/lib/gcc/x86_64-linux-gnu/7/../../../x86_64-linux-gnu/Scrt1.o
                [!provide]                        PROVIDE (__rela_iplt_start = .)
 *(.rela.iplt)
                [!provide]                        PROVIDE (__rela_iplt_end = .)

.init           0x00000000000007b0       0x17
 *(SORT_NONE(.init))
 .init          0x00000000000007b0       0x12 /usr/lib/gcc/x86_64-linux-gnu/7/../../../x86_64-linux-gnu/crti.o
                0x00000000000007b0                _init
 .init          0x00000000000007c2        0x5 /usr/lib/gcc/x86_64-linux-gnu/7/../../../x86_64-linux-gnu/crtn.o

.plt            0x00000000000007d0       0xa0
 *(.plt)
 .plt           0x00000000000007d0       0xa0 /usr/lib/gcc/x86_64-linux-gnu/7/../../../x86_64-linux-gnu/Scrt1.o
 *(.iplt)

.plt.got        0x0000000000000870        0x8
 *(.plt.got)
 .plt.got       0x0000000000000870        0x8 /usr/lib/gcc/x86_64-linux-gnu/7/../../../x86_64-linux-gnu/Scrt1.o

.plt.sec
 *(.plt.sec)

.text           0x0000000000000880     0x13c2
 *(.text.unlikely .text.*_unlikely .text.unlikely.*)
 *(.text.exit .text.exit.*)
 *(.text.startup .text.startup.*)
 .text.startup.main
                0x0000000000000880       0x5d /mnt/d/Code/Code/makefile/make/build/out//./main.o
                0x0000000000000880                main
 *(.text.hot .text.hot.*)
 *(.text .stub .text.* .gnu.linkonce.t.*)
 *fill*         0x00000000000008dd        0x3 
 .text          0x00000000000008e0       0x2b /usr/lib/gcc/x86_64-linux-gnu/7/../../../x86_64-linux-gnu/Scrt1.o
                0x00000000000008e0                _start
 *fill*         0x000000000000090b        0x5 
 .text          0x0000000000000910       0xda /usr/lib/gcc/x86_64-linux-gnu/7/crtbeginS.o
 .text.test_func
                0x00000000000009ea        0xc /mnt/d/Code/Code/makefile/make/build/out//./test.o
                0x00000000000009ea                test_func
 .text.parse_hex4
                0x00000000000009f6       0x49 /mnt/d/Code/Code/makefile/make/build/out//src/cJSON.o
 .text.parse_string
                0x0000000000000a3f      0x2a8 /mnt/d/Code/Code/makefile/make/build/out//src/cJSON.o
 .text.buffer_skip_whitespace
                0x0000000000000ce7       0x3a /mnt/d/Code/Code/makefile/make/build/out//src/cJSON.o
 .text.update_offset
                0x0000000000000d21       0x2f /mnt/d/Code/Code/makefile/make/build/out//src/cJSON.o
 .text.ensure   0x0000000000000d50       0xe7 /mnt/d/Code/Code/makefile/make/build/out//src/cJSON.o
 .text.cJSON_New_Item.isra.0
                0x0000000000000e37       0x27 /mnt/d/Code/Code/makefile/make/build/out//src/cJSON.o
 .text.print_string_ptr
                0x0000000000000e5e      0x191 /mnt/d/Code/Code/makefile/make/build/out//src/cJSON.o
 .text.print_value
                0x0000000000000fef      0x475 /mnt/d/Code/Code/makefile/make/build/out//src/cJSON.o
 .text.print.constprop.14
                0x0000000000001464      0x126 /mnt/d/Code/Code/makefile/make/build/out//src/cJSON.o
 .text.cJSON_Delete
                0x000000000000158a       0x61 /mnt/d/Code/Code/makefile/make/build/out//src/cJSON.o
                0x000000000000158a                cJSON_Delete
 .text.parse_value
                0x00000000000015eb      0x448 /mnt/d/Code/Code/makefile/make/build/out//src/cJSON.o
 .text.cJSON_ParseWithOpts
                0x0000000000001a33      0x18d /mnt/d/Code/Code/makefile/make/build/out//src/cJSON.o
                0x0000000000001a33                cJSON_ParseWithOpts
 .text.cJSON_Parse
                0x0000000000001bc0        0x9 /mnt/d/Code/Code/makefile/make/build/out//src/cJSON.o
                0x0000000000001bc0                cJSON_Parse
 .text.cJSON_PrintUnformatted
                0x0000000000001bc9        0x7 /mnt/d/Code/Code/makefile/make/build/out//src/cJSON.o
                0x0000000000001bc9                cJSON_PrintUnformatted
 .text          0x0000000000001bd0       0x72 /usr/lib/x86_64-linux-gnu/libc_nonshared.a(elf-init.oS)
                0x0000000000001bd0                __libc_csu_init
                0x0000000000001c40                __libc_csu_fini
 *(.gnu.warning)

.fini           0x0000000000001c44        0x9
 *(SORT_NONE(.fini))
 .fini          0x0000000000001c44        0x4 /usr/lib/gcc/x86_64-linux-gnu/7/../../../x86_64-linux-gnu/crti.o
                0x0000000000001c44                _fini
 .fini          0x0000000000001c48        0x5 /usr/lib/gcc/x86_64-linux-gnu/7/../../../x86_64-linux-gnu/crtn.o
                [!provide]                        PROVIDE (__etext = .)
                [!provide]                        PROVIDE (_etext = .)
                [!provide]                        PROVIDE (etext = .)

.rodata         0x0000000000001c50       0x80
 *(.rodata .rodata.* .gnu.linkonce.r.*)
 .rodata.main.str1.1
                0x0000000000001c50       0x2d /mnt/d/Code/Code/makefile/make/build/out//./main.o
 .rodata.test_func.str1.1
                0x0000000000001c7d        0xf /mnt/d/Code/Code/makefile/make/build/out//./test.o
 .rodata.print_string_ptr.str1.1
                0x0000000000001c8c        0x9 /mnt/d/Code/Code/makefile/make/build/out//src/cJSON.o
 .rodata.print_value.str1.1
                0x0000000000001c95       0x22 /mnt/d/Code/Code/makefile/make/build/out//src/cJSON.o
 .rodata.cJSON_ParseWithOpts.str1.1
                0x0000000000001cb7        0x4 /mnt/d/Code/Code/makefile/make/build/out//src/cJSON.o
 *fill*         0x0000000000001cbb        0x5 
 .rodata.cst8   0x0000000000001cc0       0x10 /mnt/d/Code/Code/makefile/make/build/out//src/cJSON.o

.rodata1
 *(.rodata1)

.eh_frame_hdr   0x0000000000001cd0       0xb4
 *(.eh_frame_hdr)
 .eh_frame_hdr  0x0000000000001cd0       0xb4 /usr/lib/gcc/x86_64-linux-gnu/7/../../../x86_64-linux-gnu/Scrt1.o
                0x0000000000001cd0                __GNU_EH_FRAME_HDR
 *(.eh_frame_entry .eh_frame_entry.*)

.eh_frame       0x0000000000001d88      0x390
 *(.eh_frame)
 .eh_frame      0x0000000000001d88       0x30 /usr/lib/gcc/x86_64-linux-gnu/7/../../../x86_64-linux-gnu/Scrt1.o
                                         0x2c (size before relaxing)
 *fill*         0x0000000000001db8        0x0 
 .eh_frame      0x0000000000001db8       0x40 /usr/lib/gcc/x86_64-linux-gnu/7/../../../x86_64-linux-gnu/Scrt1.o
 .eh_frame      0x0000000000001df8       0x18 /usr/lib/gcc/x86_64-linux-gnu/7/../../../x86_64-linux-gnu/Scrt1.o
                                         0x30 (size before relaxing)
 .eh_frame      0x0000000000001e10       0x28 /mnt/d/Code/Code/makefile/make/build/out//./main.o
                                         0x40 (size before relaxing)
 .eh_frame      0x0000000000001e38       0x18 /mnt/d/Code/Code/makefile/make/build/out//./test.o
                                         0x30 (size before relaxing)
 .eh_frame      0x0000000000001e50      0x268 /mnt/d/Code/Code/makefile/make/build/out//src/cJSON.o
                                        0xb38 (size before relaxing)
 .eh_frame      0x00000000000020b8        0x0 /mnt/d/Code/Code/makefile/make/build/out//source/cJSON_Utils.o
                                        0x598 (size before relaxing)
 .eh_frame      0x00000000000020b8       0x5c /usr/lib/x86_64-linux-gnu/libc_nonshared.a(elf-init.oS)
                                         0x78 (size before relaxing)
 .eh_frame      0x0000000000002114        0x4 /usr/lib/gcc/x86_64-linux-gnu/7/crtendS.o
 *(.eh_frame.*)

.gcc_except_table
 *(.gcc_except_table .gcc_except_table.*)

.gnu_extab
 *(.gnu_extab*)

.exception_ranges
 *(.exception_ranges .exception_ranges*)
                0x0000000000202d78                . = DATA_SEGMENT_ALIGN (CONSTANT (MAXPAGESIZE), CONSTANT (COMMONPAGESIZE))

.eh_frame
 *(.eh_frame)
 *(.eh_frame.*)

.gnu_extab
 *(.gnu_extab)

.gcc_except_table
 *(.gcc_except_table .gcc_except_table.*)

.exception_ranges
 *(.exception_ranges .exception_ranges*)

.tdata
 *(.tdata .tdata.* .gnu.linkonce.td.*)

.tbss
 *(.tbss .tbss.* .gnu.linkonce.tb.*)
 *(.tcommon)

.preinit_array  0x0000000000202d78        0x0
                [!provide]                        PROVIDE (__preinit_array_start = .)
 *(.preinit_array)
                [!provide]                        PROVIDE (__preinit_array_end = .)

.init_array     0x0000000000202d78        0x8
                0x0000000000202d78                PROVIDE (__init_array_start = .)
 *(SORT_BY_INIT_PRIORITY(.init_array.*) SORT_BY_INIT_PRIORITY(.ctors.*))
 *(.init_array EXCLUDE_FILE(*crtend?.o *crtend.o *crtbegin?.o *crtbegin.o) .ctors)
 .init_array    0x0000000000202d78        0x8 /usr/lib/gcc/x86_64-linux-gnu/7/crtbeginS.o
                0x0000000000202d80                PROVIDE (__init_array_end = .)

.fini_array     0x0000000000202d80        0x8
                [!provide]                        PROVIDE (__fini_array_start = .)
 *(SORT_BY_INIT_PRIORITY(.fini_array.*) SORT_BY_INIT_PRIORITY(.dtors.*))
 *(.fini_array EXCLUDE_FILE(*crtend?.o *crtend.o *crtbegin?.o *crtbegin.o) .dtors)
 .fini_array    0x0000000000202d80        0x8 /usr/lib/gcc/x86_64-linux-gnu/7/crtbeginS.o
                [!provide]                        PROVIDE (__fini_array_end = .)

.ctors
 *crtbegin.o(.ctors)
 *crtbegin?.o(.ctors)
 *(EXCLUDE_FILE(*crtend?.o *crtend.o) .ctors)
 *(SORT_BY_NAME(.ctors.*))
 *(.ctors)

.dtors
 *crtbegin.o(.dtors)
 *crtbegin?.o(.dtors)
 *(EXCLUDE_FILE(*crtend?.o *crtend.o) .dtors)
 *(SORT_BY_NAME(.dtors.*))
 *(.dtors)

.jcr
 *(.jcr)

.data.rel.ro    0x0000000000202d88        0x0
 *(.data.rel.ro.local* .gnu.linkonce.d.rel.ro.local.*)
 *(.data.rel.ro .data.rel.ro.* .gnu.linkonce.d.rel.ro.*)
 .data.rel.ro   0x0000000000202d88        0x0 /usr/lib/gcc/x86_64-linux-gnu/7/../../../x86_64-linux-gnu/Scrt1.o

.dynamic        0x0000000000202d88      0x1f0
 *(.dynamic)
 .dynamic       0x0000000000202d88      0x1f0 /usr/lib/gcc/x86_64-linux-gnu/7/../../../x86_64-linux-gnu/Scrt1.o
                0x0000000000202d88                _DYNAMIC

.got            0x0000000000202f78       0x88
 *(.got.plt)
 .got.plt       0x0000000000202f78       0x60 /usr/lib/gcc/x86_64-linux-gnu/7/../../../x86_64-linux-gnu/Scrt1.o
                0x0000000000202f78                _GLOBAL_OFFSET_TABLE_
 *(.igot.plt)
 *(.got)
 .got           0x0000000000202fd8       0x28 /usr/lib/gcc/x86_64-linux-gnu/7/../../../x86_64-linux-gnu/Scrt1.o
 *(.igot)
                0x0000000000203000                . = DATA_SEGMENT_RELRO_END (., 0x0)

.data           0x0000000000203000       0x28
 *(.data .data.* .gnu.linkonce.d.*)
 .data.rel.local
                0x0000000000203000        0x8 /usr/lib/gcc/x86_64-linux-gnu/7/crtbeginS.o
                0x0000000000203000                __dso_handle
 *fill*         0x0000000000203008        0x8 
 .data.rel.global_hooks
                0x0000000000203010       0x18 /mnt/d/Code/Code/makefile/make/build/out//src/cJSON.o

.tm_clone_table
                0x0000000000203028        0x0
 .tm_clone_table
                0x0000000000203028        0x0 /usr/lib/gcc/x86_64-linux-gnu/7/crtbeginS.o
 .tm_clone_table
                0x0000000000203028        0x0 /usr/lib/gcc/x86_64-linux-gnu/7/crtendS.o

.data1
 *(.data1)
                0x0000000000203028                _edata = .
                [!provide]                        PROVIDE (edata = .)
                0x0000000000203028                . = .
                0x0000000000203028                __bss_start = .

.bss            0x0000000000203030       0x20
 *(.dynbss)
 .dynbss        0x0000000000203030        0x0 /usr/lib/gcc/x86_64-linux-gnu/7/../../../x86_64-linux-gnu/Scrt1.o
 *(.bss .bss.* .gnu.linkonce.b.*)
 .bss           0x0000000000203030        0x1 /usr/lib/gcc/x86_64-linux-gnu/7/crtbeginS.o
 *fill*         0x0000000000203031        0xf 
 .bss.global_error
                0x0000000000203040       0x10 /mnt/d/Code/Code/makefile/make/build/out//src/cJSON.o
 *(COMMON)
                0x0000000000203050                . = ALIGN ((. != 0x0)?0x8:0x1)

.lbss
 *(.dynlbss)
 *(.lbss .lbss.* .gnu.linkonce.lb.*)
 *(LARGE_COMMON)
                0x0000000000203050                . = ALIGN (0x8)
                0x0000000000203050                . = SEGMENT_START ("ldata-segment", .)

.lrodata
 *(.lrodata .lrodata.* .gnu.linkonce.lr.*)

.ldata          0x0000000000603050        0x0
 *(.ldata .ldata.* .gnu.linkonce.l.*)
                0x0000000000603050                . = ALIGN ((. != 0x0)?0x8:0x1)
                0x0000000000603050                . = ALIGN (0x8)
                0x0000000000603050                _end = .
                [!provide]                        PROVIDE (end = .)
                0x0000000000603050                . = DATA_SEGMENT_END (.)

.stab
 *(.stab)

.stabstr
 *(.stabstr)

.stab.excl
 *(.stab.excl)

.stab.exclstr
 *(.stab.exclstr)

.stab.index
 *(.stab.index)

.stab.indexstr
 *(.stab.indexstr)

.comment        0x0000000000000000       0x29
 *(.comment)
 .comment       0x0000000000000000       0x29 /usr/lib/gcc/x86_64-linux-gnu/7/crtbeginS.o
                                         0x2a (size before relaxing)
 .comment       0x0000000000000029       0x2a /mnt/d/Code/Code/makefile/make/build/out//./main.o
 .comment       0x0000000000000029       0x2a /mnt/d/Code/Code/makefile/make/build/out//./test.o
 .comment       0x0000000000000029       0x2a /mnt/d/Code/Code/makefile/make/build/out//src/cJSON.o
 .comment       0x0000000000000029       0x2a /mnt/d/Code/Code/makefile/make/build/out//source/cJSON_Utils.o
 .comment       0x0000000000000029       0x2a /usr/lib/gcc/x86_64-linux-gnu/7/crtendS.o

.debug
 *(.debug)

.line
 *(.line)

.debug_srcinfo
 *(.debug_srcinfo)

.debug_sfnames
 *(.debug_sfnames)

.debug_aranges
 *(.debug_aranges)

.debug_pubnames
 *(.debug_pubnames)

.debug_info
 *(.debug_info .gnu.linkonce.wi.*)

.debug_abbrev
 *(.debug_abbrev)

.debug_line
 *(.debug_line .debug_line.* .debug_line_end)

.debug_frame
 *(.debug_frame)

.debug_str
 *(.debug_str)

.debug_loc
 *(.debug_loc)

.debug_macinfo
 *(.debug_macinfo)

.debug_weaknames
 *(.debug_weaknames)

.debug_funcnames
 *(.debug_funcnames)

.debug_typenames
 *(.debug_typenames)

.debug_varnames
 *(.debug_varnames)

.debug_pubtypes
 *(.debug_pubtypes)

.debug_ranges
 *(.debug_ranges)

.debug_macro
 *(.debug_macro)

.debug_addr
 *(.debug_addr)

.gnu.attributes
 *(.gnu.attributes)

/DISCARD/
 *(.note.GNU-stack)
 *(.gnu_debuglink)
 *(.gnu.lto_*)
OUTPUT(/mnt/d/Code/Code/makefile/make/main elf64-x86-64)

Cross Reference Table

Symbol                                            File
GLIBC_2.10                                        /lib/x86_64-linux-gnu/libc.so.6
GLIBC_2.11                                        /lib/x86_64-linux-gnu/libc.so.6
GLIBC_2.12                                        /lib/x86_64-linux-gnu/libc.so.6
GLIBC_2.13                                        /lib/x86_64-linux-gnu/libc.so.6
GLIBC_2.14                                        /lib/x86_64-linux-gnu/libc.so.6
GLIBC_2.15                                        /lib/x86_64-linux-gnu/libc.so.6
GLIBC_2.16                                        /lib/x86_64-linux-gnu/libc.so.6
GLIBC_2.17                                        /lib/x86_64-linux-gnu/libc.so.6
GLIBC_2.18                                        /lib/x86_64-linux-gnu/libc.so.6
GLIBC_2.2.5                                       /lib/x86_64-linux-gnu/libc.so.6
                                                  /lib/x86_64-linux-gnu/ld-linux-x86-64.so.2
GLIBC_2.2.6                                       /lib/x86_64-linux-gnu/libc.so.6
GLIBC_2.22                                        /lib/x86_64-linux-gnu/libc.so.6
GLIBC_2.23                                        /lib/x86_64-linux-gnu/libc.so.6
GLIBC_2.24                                        /lib/x86_64-linux-gnu/libc.so.6
GLIBC_2.25                                        /lib/x86_64-linux-gnu/libc.so.6
GLIBC_2.26                                        /lib/x86_64-linux-gnu/libc.so.6
GLIBC_2.27                                        /lib/x86_64-linux-gnu/libc.so.6
GLIBC_2.3                                         /lib/x86_64-linux-gnu/libc.so.6
                                                  /lib/x86_64-linux-gnu/ld-linux-x86-64.so.2
GLIBC_2.3.2                                       /lib/x86_64-linux-gnu/libc.so.6
GLIBC_2.3.3                                       /lib/x86_64-linux-gnu/libc.so.6
GLIBC_2.3.4                                       /lib/x86_64-linux-gnu/libc.so.6
GLIBC_2.4                                         /lib/x86_64-linux-gnu/libc.so.6
                                                  /lib/x86_64-linux-gnu/ld-linux-x86-64.so.2
GLIBC_2.5                                         /lib/x86_64-linux-gnu/libc.so.6
GLIBC_2.6                                         /lib/x86_64-linux-gnu/libc.so.6
GLIBC_2.7                                         /lib/x86_64-linux-gnu/libc.so.6
GLIBC_2.8                                         /lib/x86_64-linux-gnu/libc.so.6
GLIBC_2.9                                         /lib/x86_64-linux-gnu/libc.so.6
GLIBC_PRIVATE                                     /lib/x86_64-linux-gnu/libc.so.6
                                                  /lib/x86_64-linux-gnu/ld-linux-x86-64.so.2
_DYNAMIC                                          /usr/lib/gcc/x86_64-linux-gnu/7/../../../x86_64-linux-gnu/Scrt1.o
_Exit                                             /lib/x86_64-linux-gnu/libc.so.6
_Exit@@GLIBC_2.2.5                                /lib/x86_64-linux-gnu/libc.so.6
_Exit@GLIBC_2.2.5                                 /lib/x86_64-linux-gnu/libc.so.6
_GLOBAL_OFFSET_TABLE_                             /usr/lib/gcc/x86_64-linux-gnu/7/../../../x86_64-linux-gnu/Scrt1.o
                                                  /usr/lib/x86_64-linux-gnu/libc_nonshared.a(elf-init.oS)
                                                  /mnt/d/Code/Code/makefile/make/build/out//source/cJSON_Utils.o
                                                  /mnt/d/Code/Code/makefile/make/build/out//src/cJSON.o
                                                  /mnt/d/Code/Code/makefile/make/build/out//./test.o
                                                  /mnt/d/Code/Code/makefile/make/build/out//./main.o
                                                  /usr/lib/gcc/x86_64-linux-gnu/7/crtbeginS.o
                                                  /usr/lib/gcc/x86_64-linux-gnu/7/../../../x86_64-linux-gnu/crti.o
_IO_fprintf                                       /lib/x86_64-linux-gnu/libc.so.6
_IO_fprintf@@GLIBC_2.2.5                          /lib/x86_64-linux-gnu/libc.so.6
_IO_fprintf@GLIBC_2.2.5                           /lib/x86_64-linux-gnu/libc.so.6
_IO_stdin_used                                    /usr/lib/gcc/x86_64-linux-gnu/7/../../../x86_64-linux-gnu/Scrt1.o
_ITM_deregisterTMCloneTable                       /usr/lib/gcc/x86_64-linux-gnu/7/crtbeginS.o
_ITM_registerTMCloneTable                         /usr/lib/gcc/x86_64-linux-gnu/7/crtbeginS.o
__GNU_EH_FRAME_HDR                                /mnt/d/Code/Code/makefile/make/main
__TMC_END__                                       /usr/lib/gcc/x86_64-linux-gnu/7/crtendS.o
                                                  /usr/lib/gcc/x86_64-linux-gnu/7/crtbeginS.o
__after_morecore_hook                             /lib/x86_64-linux-gnu/libc.so.6
__after_morecore_hook@@GLIBC_2.2.5                /lib/x86_64-linux-gnu/libc.so.6
__after_morecore_hook@GLIBC_2.2.5                 /lib/x86_64-linux-gnu/libc.so.6
__compat_bdflush                                  /lib/x86_64-linux-gnu/libc.so.6
__connect                                         /lib/x86_64-linux-gnu/libc.so.6
__connect@@GLIBC_2.2.5                            /lib/x86_64-linux-gnu/libc.so.6
__connect@GLIBC_2.2.5                             /lib/x86_64-linux-gnu/libc.so.6
__ctype_get_mb_cur_max                            /lib/x86_64-linux-gnu/libc.so.6
__ctype_get_mb_cur_max@@GLIBC_2.2.5               /lib/x86_64-linux-gnu/libc.so.6
__ctype_get_mb_cur_max@GLIBC_2.2.5                /lib/x86_64-linux-gnu/libc.so.6
__data_start                                      /usr/lib/gcc/x86_64-linux-gnu/7/../../../x86_64-linux-gnu/Scrt1.o
__dso_handle                                      /usr/lib/gcc/x86_64-linux-gnu/7/crtbeginS.o
__fcntl                                           /lib/x86_64-linux-gnu/libc.so.6
__fcntl@@GLIBC_2.2.5                              /lib/x86_64-linux-gnu/libc.so.6
__fcntl@GLIBC_2.2.5                               /lib/x86_64-linux-gnu/libc.so.6
__free_hook                                       /lib/x86_64-linux-gnu/libc.so.6
__free_hook@@GLIBC_2.2.5                          /lib/x86_64-linux-gnu/libc.so.6
__free_hook@GLIBC_2.2.5                           /lib/x86_64-linux-gnu/libc.so.6
__getdelim                                        /lib/x86_64-linux-gnu/libc.so.6
__getdelim@@GLIBC_2.2.5                           /lib/x86_64-linux-gnu/libc.so.6
__getdelim@GLIBC_2.2.5                            /lib/x86_64-linux-gnu/libc.so.6
__gmon_start__                                    /usr/lib/gcc/x86_64-linux-gnu/7/../../../x86_64-linux-gnu/crti.o
__init_array_end                                  /usr/lib/x86_64-linux-gnu/libc_nonshared.a(elf-init.oS)
__init_array_start                                /usr/lib/x86_64-linux-gnu/libc_nonshared.a(elf-init.oS)
__isascii_l                                       /lib/x86_64-linux-gnu/libc.so.6
__isascii_l@@GLIBC_2.2.5                          /lib/x86_64-linux-gnu/libc.so.6
__isascii_l@GLIBC_2.2.5                           /lib/x86_64-linux-gnu/libc.so.6
__libc_csu_fini                                   /usr/lib/x86_64-linux-gnu/libc_nonshared.a(elf-init.oS)
                                                  /usr/lib/gcc/x86_64-linux-gnu/7/../../../x86_64-linux-gnu/Scrt1.o
__libc_csu_init                                   /usr/lib/x86_64-linux-gnu/libc_nonshared.a(elf-init.oS)
                                                  /usr/lib/gcc/x86_64-linux-gnu/7/../../../x86_64-linux-gnu/Scrt1.o
__libc_secure_getenv                              /lib/x86_64-linux-gnu/libc.so.6
__libc_secure_getenv@@GLIBC_PRIVATE               /lib/x86_64-linux-gnu/libc.so.6
__libc_secure_getenv@GLIBC_PRIVATE                /lib/x86_64-linux-gnu/libc.so.6
__malloc_hook                                     /lib/x86_64-linux-gnu/libc.so.6
__malloc_hook@@GLIBC_2.2.5                        /lib/x86_64-linux-gnu/libc.so.6
__malloc_hook@GLIBC_2.2.5                         /lib/x86_64-linux-gnu/libc.so.6
__malloc_initialize_hook@GLIBC_2.2.5              /lib/x86_64-linux-gnu/libc.so.6
__memalign_hook                                   /lib/x86_64-linux-gnu/libc.so.6
__memalign_hook@@GLIBC_2.2.5                      /lib/x86_64-linux-gnu/libc.so.6
__memalign_hook@GLIBC_2.2.5                       /lib/x86_64-linux-gnu/libc.so.6
__open                                            /lib/x86_64-linux-gnu/libc.so.6
__open64                                          /lib/x86_64-linux-gnu/libc.so.6
__open64@@GLIBC_2.2.5                             /lib/x86_64-linux-gnu/libc.so.6
__open64@GLIBC_2.2.5                              /lib/x86_64-linux-gnu/libc.so.6
__open@@GLIBC_2.2.5                               /lib/x86_64-linux-gnu/libc.so.6
__open@GLIBC_2.2.5                                /lib/x86_64-linux-gnu/libc.so.6
__open_nocancel                                   /lib/x86_64-linux-gnu/libc.so.6
__open_nocancel@@GLIBC_PRIVATE                    /lib/x86_64-linux-gnu/libc.so.6
__open_nocancel@GLIBC_PRIVATE                     /lib/x86_64-linux-gnu/libc.so.6
__pread64                                         /lib/x86_64-linux-gnu/libc.so.6
__pread64@@GLIBC_2.2.5                            /lib/x86_64-linux-gnu/libc.so.6
__pread64@GLIBC_2.2.5                             /lib/x86_64-linux-gnu/libc.so.6
__pwrite64                                        /lib/x86_64-linux-gnu/libc.so.6
__pwrite64@@GLIBC_2.2.5                           /lib/x86_64-linux-gnu/libc.so.6
__pwrite64@GLIBC_2.2.5                            /lib/x86_64-linux-gnu/libc.so.6
__realloc_hook                                    /lib/x86_64-linux-gnu/libc.so.6
__realloc_hook@@GLIBC_2.2.5                       /lib/x86_64-linux-gnu/libc.so.6
__realloc_hook@GLIBC_2.2.5                        /lib/x86_64-linux-gnu/libc.so.6
__recv                                            /lib/x86_64-linux-gnu/libc.so.6
__recv@@GLIBC_PRIVATE                             /lib/x86_64-linux-gnu/libc.so.6
__recv@GLIBC_PRIVATE                              /lib/x86_64-linux-gnu/libc.so.6
__secure_getenv@GLIBC_2.2.5                       /lib/x86_64-linux-gnu/libc.so.6
__sigaction                                       /lib/x86_64-linux-gnu/libc.so.6
__sigaction@@GLIBC_2.2.5                          /lib/x86_64-linux-gnu/libc.so.6
__sigaction@GLIBC_2.2.5                           /lib/x86_64-linux-gnu/libc.so.6
__strtoll_l                                       /lib/x86_64-linux-gnu/libc.so.6
__strtoll_l@@GLIBC_2.2.5                          /lib/x86_64-linux-gnu/libc.so.6
__strtoll_l@GLIBC_2.2.5                           /lib/x86_64-linux-gnu/libc.so.6
__strtoull_l                                      /lib/x86_64-linux-gnu/libc.so.6
__strtoull_l@@GLIBC_2.2.5                         /lib/x86_64-linux-gnu/libc.so.6
__strtoull_l@GLIBC_2.2.5                          /lib/x86_64-linux-gnu/libc.so.6
__toascii_l                                       /lib/x86_64-linux-gnu/libc.so.6
__toascii_l@@GLIBC_2.2.5                          /lib/x86_64-linux-gnu/libc.so.6
__toascii_l@GLIBC_2.2.5                           /lib/x86_64-linux-gnu/libc.so.6
__vsnprintf                                       /lib/x86_64-linux-gnu/libc.so.6
__vsnprintf@@GLIBC_2.2.5                          /lib/x86_64-linux-gnu/libc.so.6
__vsnprintf@GLIBC_2.2.5                           /lib/x86_64-linux-gnu/libc.so.6
__vsscanf                                         /lib/x86_64-linux-gnu/libc.so.6
__vsscanf@@GLIBC_2.2.5                            /lib/x86_64-linux-gnu/libc.so.6
__vsscanf@GLIBC_2.2.5                             /lib/x86_64-linux-gnu/libc.so.6
__wait                                            /lib/x86_64-linux-gnu/libc.so.6
__wait@@GLIBC_2.2.5                               /lib/x86_64-linux-gnu/libc.so.6
__wait@GLIBC_2.2.5                                /lib/x86_64-linux-gnu/libc.so.6
__wcstoll_l                                       /lib/x86_64-linux-gnu/libc.so.6
__wcstoll_l@@GLIBC_2.2.5                          /lib/x86_64-linux-gnu/libc.so.6
__wcstoll_l@GLIBC_2.2.5                           /lib/x86_64-linux-gnu/libc.so.6
__wcstoull_l                                      /lib/x86_64-linux-gnu/libc.so.6
__wcstoull_l@@GLIBC_2.2.5                         /lib/x86_64-linux-gnu/libc.so.6
__wcstoull_l@GLIBC_2.2.5                          /lib/x86_64-linux-gnu/libc.so.6
__write                                           /lib/x86_64-linux-gnu/libc.so.6
__write@@GLIBC_2.2.5                              /lib/x86_64-linux-gnu/libc.so.6
__write@GLIBC_2.2.5                               /lib/x86_64-linux-gnu/libc.so.6
__xpg_sigpause                                    /lib/x86_64-linux-gnu/libc.so.6
__xpg_sigpause@@GLIBC_2.2.5                       /lib/x86_64-linux-gnu/libc.so.6
__xpg_sigpause@GLIBC_2.2.5                        /lib/x86_64-linux-gnu/libc.so.6
_dl_starting_up                                   /lib/x86_64-linux-gnu/libc.so.6
_environ                                          /lib/x86_64-linux-gnu/libc.so.6
_environ@@GLIBC_2.2.5                             /lib/x86_64-linux-gnu/libc.so.6
_environ@GLIBC_2.2.5                              /lib/x86_64-linux-gnu/libc.so.6
_fini                                             /usr/lib/gcc/x86_64-linux-gnu/7/../../../x86_64-linux-gnu/crti.o
_flushlbf                                         /lib/x86_64-linux-gnu/libc.so.6
_flushlbf@@GLIBC_2.2.5                            /lib/x86_64-linux-gnu/libc.so.6
_flushlbf@GLIBC_2.2.5                             /lib/x86_64-linux-gnu/libc.so.6
_init                                             /usr/lib/gcc/x86_64-linux-gnu/7/../../../x86_64-linux-gnu/crti.o
                                                  /usr/lib/x86_64-linux-gnu/libc_nonshared.a(elf-init.oS)
_longjmp                                          /lib/x86_64-linux-gnu/libc.so.6
_longjmp@@GLIBC_2.2.5                             /lib/x86_64-linux-gnu/libc.so.6
_longjmp@GLIBC_2.2.5                              /lib/x86_64-linux-gnu/libc.so.6
_start                                            /usr/lib/gcc/x86_64-linux-gnu/7/../../../x86_64-linux-gnu/Scrt1.o
access                                            /lib/x86_64-linux-gnu/libc.so.6
access@@GLIBC_2.2.5                               /lib/x86_64-linux-gnu/libc.so.6
access@GLIBC_2.2.5                                /lib/x86_64-linux-gnu/libc.so.6
addmntent                                         /lib/x86_64-linux-gnu/libc.so.6
addmntent@@GLIBC_2.2.5                            /lib/x86_64-linux-gnu/libc.so.6
addmntent@GLIBC_2.2.5                             /lib/x86_64-linux-gnu/libc.so.6
addseverity                                       /lib/x86_64-linux-gnu/libc.so.6
addseverity@@GLIBC_2.2.5                          /lib/x86_64-linux-gnu/libc.so.6
addseverity@GLIBC_2.2.5                           /lib/x86_64-linux-gnu/libc.so.6
adjtime                                           /lib/x86_64-linux-gnu/libc.so.6
adjtime@@GLIBC_2.2.5                              /lib/x86_64-linux-gnu/libc.so.6
adjtime@GLIBC_2.2.5                               /lib/x86_64-linux-gnu/libc.so.6
adjtimex                                          /lib/x86_64-linux-gnu/libc.so.6
adjtimex@@GLIBC_2.2.5                             /lib/x86_64-linux-gnu/libc.so.6
adjtimex@GLIBC_2.2.5                              /lib/x86_64-linux-gnu/libc.so.6
advance@GLIBC_2.2.5                               /lib/x86_64-linux-gnu/libc.so.6
aligned_alloc                                     /lib/x86_64-linux-gnu/libc.so.6
aligned_alloc@@GLIBC_2.16                         /lib/x86_64-linux-gnu/libc.so.6
aligned_alloc@GLIBC_2.16                          /lib/x86_64-linux-gnu/libc.so.6
alphasort64                                       /lib/x86_64-linux-gnu/libc.so.6
alphasort64@@GLIBC_2.2.5                          /lib/x86_64-linux-gnu/libc.so.6
alphasort64@GLIBC_2.2.5                           /lib/x86_64-linux-gnu/libc.so.6
arch_prctl                                        /lib/x86_64-linux-gnu/libc.so.6
arch_prctl@@GLIBC_2.2.5                           /lib/x86_64-linux-gnu/libc.so.6
arch_prctl@GLIBC_2.2.5                            /lib/x86_64-linux-gnu/libc.so.6
argp_error                                        /lib/x86_64-linux-gnu/libc.so.6
argp_error@@GLIBC_2.2.5                           /lib/x86_64-linux-gnu/libc.so.6
argp_error@GLIBC_2.2.5                            /lib/x86_64-linux-gnu/libc.so.6
argp_failure                                      /lib/x86_64-linux-gnu/libc.so.6
argp_failure@@GLIBC_2.2.5                         /lib/x86_64-linux-gnu/libc.so.6
argp_failure@GLIBC_2.2.5                          /lib/x86_64-linux-gnu/libc.so.6
argp_help                                         /lib/x86_64-linux-gnu/libc.so.6
argp_help@@GLIBC_2.2.5                            /lib/x86_64-linux-gnu/libc.so.6
argp_help@GLIBC_2.2.5                             /lib/x86_64-linux-gnu/libc.so.6
argp_parse                                        /lib/x86_64-linux-gnu/libc.so.6
argp_parse@@GLIBC_2.2.5                           /lib/x86_64-linux-gnu/libc.so.6
argp_parse@GLIBC_2.2.5                            /lib/x86_64-linux-gnu/libc.so.6
argp_state_help                                   /lib/x86_64-linux-gnu/libc.so.6
argp_state_help@@GLIBC_2.2.5                      /lib/x86_64-linux-gnu/libc.so.6
argp_state_help@GLIBC_2.2.5                       /lib/x86_64-linux-gnu/libc.so.6
argp_usage                                        /lib/x86_64-linux-gnu/libc.so.6
argp_usage@@GLIBC_2.2.5                           /lib/x86_64-linux-gnu/libc.so.6
argp_usage@GLIBC_2.2.5                            /lib/x86_64-linux-gnu/libc.so.6
argz_add                                          /lib/x86_64-linux-gnu/libc.so.6
argz_add@@GLIBC_2.2.5                             /lib/x86_64-linux-gnu/libc.so.6
argz_add@GLIBC_2.2.5                              /lib/x86_64-linux-gnu/libc.so.6
argz_add_sep                                      /lib/x86_64-linux-gnu/libc.so.6
argz_add_sep@@GLIBC_2.2.5                         /lib/x86_64-linux-gnu/libc.so.6
argz_add_sep@GLIBC_2.2.5                          /lib/x86_64-linux-gnu/libc.so.6
argz_append                                       /lib/x86_64-linux-gnu/libc.so.6
argz_append@@GLIBC_2.2.5                          /lib/x86_64-linux-gnu/libc.so.6
argz_append@GLIBC_2.2.5                           /lib/x86_64-linux-gnu/libc.so.6
argz_count                                        /lib/x86_64-linux-gnu/libc.so.6
argz_count@@GLIBC_2.2.5                           /lib/x86_64-linux-gnu/libc.so.6
argz_count@GLIBC_2.2.5                            /lib/x86_64-linux-gnu/libc.so.6
argz_create                                       /lib/x86_64-linux-gnu/libc.so.6
argz_create@@GLIBC_2.2.5                          /lib/x86_64-linux-gnu/libc.so.6
argz_create@GLIBC_2.2.5                           /lib/x86_64-linux-gnu/libc.so.6
argz_create_sep                                   /lib/x86_64-linux-gnu/libc.so.6
argz_create_sep@@GLIBC_2.2.5                      /lib/x86_64-linux-gnu/libc.so.6
argz_create_sep@GLIBC_2.2.5                       /lib/x86_64-linux-gnu/libc.so.6
argz_extract                                      /lib/x86_64-linux-gnu/libc.so.6
argz_extract@@GLIBC_2.2.5                         /lib/x86_64-linux-gnu/libc.so.6
argz_extract@GLIBC_2.2.5                          /lib/x86_64-linux-gnu/libc.so.6
argz_insert                                       /lib/x86_64-linux-gnu/libc.so.6
argz_insert@@GLIBC_2.2.5                          /lib/x86_64-linux-gnu/libc.so.6
argz_insert@GLIBC_2.2.5                           /lib/x86_64-linux-gnu/libc.so.6
argz_next                                         /lib/x86_64-linux-gnu/libc.so.6
argz_next@@GLIBC_2.2.5                            /lib/x86_64-linux-gnu/libc.so.6
argz_next@GLIBC_2.2.5                             /lib/x86_64-linux-gnu/libc.so.6
argz_replace                                      /lib/x86_64-linux-gnu/libc.so.6
argz_replace@@GLIBC_2.2.5                         /lib/x86_64-linux-gnu/libc.so.6
argz_replace@GLIBC_2.2.5                          /lib/x86_64-linux-gnu/libc.so.6
argz_stringify                                    /lib/x86_64-linux-gnu/libc.so.6
argz_stringify@@GLIBC_2.2.5                       /lib/x86_64-linux-gnu/libc.so.6
argz_stringify@GLIBC_2.2.5                        /lib/x86_64-linux-gnu/libc.so.6
asctime_r                                         /lib/x86_64-linux-gnu/libc.so.6
asctime_r@@GLIBC_2.2.5                            /lib/x86_64-linux-gnu/libc.so.6
asctime_r@GLIBC_2.2.5                             /lib/x86_64-linux-gnu/libc.so.6
asprintf                                          /lib/x86_64-linux-gnu/libc.so.6
asprintf@@GLIBC_2.2.5                             /lib/x86_64-linux-gnu/libc.so.6
asprintf@GLIBC_2.2.5                              /lib/x86_64-linux-gnu/libc.so.6
backtrace                                         /lib/x86_64-linux-gnu/libc.so.6
backtrace@@GLIBC_2.2.5                            /lib/x86_64-linux-gnu/libc.so.6
backtrace@GLIBC_2.2.5                             /lib/x86_64-linux-gnu/libc.so.6
backtrace_symbols                                 /lib/x86_64-linux-gnu/libc.so.6
backtrace_symbols@@GLIBC_2.2.5                    /lib/x86_64-linux-gnu/libc.so.6
backtrace_symbols@GLIBC_2.2.5                     /lib/x86_64-linux-gnu/libc.so.6
backtrace_symbols_fd                              /lib/x86_64-linux-gnu/libc.so.6
backtrace_symbols_fd@@GLIBC_2.2.5                 /lib/x86_64-linux-gnu/libc.so.6
backtrace_symbols_fd@GLIBC_2.2.5                  /lib/x86_64-linux-gnu/libc.so.6
basename                                          /lib/x86_64-linux-gnu/libc.so.6
basename@@GLIBC_2.2.5                             /lib/x86_64-linux-gnu/libc.so.6
basename@GLIBC_2.2.5                              /lib/x86_64-linux-gnu/libc.so.6
bcmp                                              /lib/x86_64-linux-gnu/libc.so.6
bcmp@@GLIBC_2.2.5                                 /lib/x86_64-linux-gnu/libc.so.6
bcmp@GLIBC_2.2.5                                  /lib/x86_64-linux-gnu/libc.so.6
bind                                              /lib/x86_64-linux-gnu/libc.so.6
bind@@GLIBC_2.2.5                                 /lib/x86_64-linux-gnu/libc.so.6
bind@GLIBC_2.2.5                                  /lib/x86_64-linux-gnu/libc.so.6
bind_textdomain_codeset                           /lib/x86_64-linux-gnu/libc.so.6
bind_textdomain_codeset@@GLIBC_2.2.5              /lib/x86_64-linux-gnu/libc.so.6
bind_textdomain_codeset@GLIBC_2.2.5               /lib/x86_64-linux-gnu/libc.so.6
bindtextdomain                                    /lib/x86_64-linux-gnu/libc.so.6
bindtextdomain@@GLIBC_2.2.5                       /lib/x86_64-linux-gnu/libc.so.6
bindtextdomain@GLIBC_2.2.5                        /lib/x86_64-linux-gnu/libc.so.6
brk                                               /lib/x86_64-linux-gnu/libc.so.6
brk@@GLIBC_2.2.5                                  /lib/x86_64-linux-gnu/libc.so.6
brk@GLIBC_2.2.5                                   /lib/x86_64-linux-gnu/libc.so.6
bsd_signal                                        /lib/x86_64-linux-gnu/libc.so.6
bsd_signal@@GLIBC_2.2.5                           /lib/x86_64-linux-gnu/libc.so.6
bsd_signal@GLIBC_2.2.5                            /lib/x86_64-linux-gnu/libc.so.6
btowc                                             /lib/x86_64-linux-gnu/libc.so.6
btowc@@GLIBC_2.2.5                                /lib/x86_64-linux-gnu/libc.so.6
btowc@GLIBC_2.2.5                                 /lib/x86_64-linux-gnu/libc.so.6
bzero                                             /lib/x86_64-linux-gnu/libc.so.6
bzero@@GLIBC_2.2.5                                /lib/x86_64-linux-gnu/libc.so.6
bzero@GLIBC_2.2.5                                 /lib/x86_64-linux-gnu/libc.so.6
c32rtomb                                          /lib/x86_64-linux-gnu/libc.so.6
c32rtomb@@GLIBC_2.16                              /lib/x86_64-linux-gnu/libc.so.6
c32rtomb@GLIBC_2.16                               /lib/x86_64-linux-gnu/libc.so.6
cJSONUtils_AddPatchToArray                        /mnt/d/Code/Code/makefile/make/build/out//source/cJSON_Utils.o
cJSONUtils_ApplyPatches                           /mnt/d/Code/Code/makefile/make/build/out//source/cJSON_Utils.o
cJSONUtils_ApplyPatchesCaseSensitive              /mnt/d/Code/Code/makefile/make/build/out//source/cJSON_Utils.o
cJSONUtils_FindPointerFromObjectTo                /mnt/d/Code/Code/makefile/make/build/out//source/cJSON_Utils.o
cJSONUtils_GenerateMergePatch                     /mnt/d/Code/Code/makefile/make/build/out//source/cJSON_Utils.o
cJSONUtils_GenerateMergePatchCaseSensitive        /mnt/d/Code/Code/makefile/make/build/out//source/cJSON_Utils.o
cJSONUtils_GeneratePatches                        /mnt/d/Code/Code/makefile/make/build/out//source/cJSON_Utils.o
cJSONUtils_GeneratePatchesCaseSensitive           /mnt/d/Code/Code/makefile/make/build/out//source/cJSON_Utils.o
cJSONUtils_GetPointer                             /mnt/d/Code/Code/makefile/make/build/out//source/cJSON_Utils.o
cJSONUtils_GetPointerCaseSensitive                /mnt/d/Code/Code/makefile/make/build/out//source/cJSON_Utils.o
cJSONUtils_MergePatch                             /mnt/d/Code/Code/makefile/make/build/out//source/cJSON_Utils.o
cJSONUtils_MergePatchCaseSensitive                /mnt/d/Code/Code/makefile/make/build/out//source/cJSON_Utils.o
cJSONUtils_SortObject                             /mnt/d/Code/Code/makefile/make/build/out//source/cJSON_Utils.o
cJSONUtils_SortObjectCaseSensitive                /mnt/d/Code/Code/makefile/make/build/out//source/cJSON_Utils.o
cJSON_AddArrayToObject                            /mnt/d/Code/Code/makefile/make/build/out//src/cJSON.o
cJSON_AddBoolToObject                             /mnt/d/Code/Code/makefile/make/build/out//src/cJSON.o
cJSON_AddFalseToObject                            /mnt/d/Code/Code/makefile/make/build/out//src/cJSON.o
cJSON_AddItemReferenceToArray                     /mnt/d/Code/Code/makefile/make/build/out//src/cJSON.o
cJSON_AddItemReferenceToObject                    /mnt/d/Code/Code/makefile/make/build/out//src/cJSON.o
cJSON_AddItemToArray                              /mnt/d/Code/Code/makefile/make/build/out//src/cJSON.o
                                                  /mnt/d/Code/Code/makefile/make/build/out//source/cJSON_Utils.o
cJSON_AddItemToObject                             /mnt/d/Code/Code/makefile/make/build/out//src/cJSON.o
                                                  /mnt/d/Code/Code/makefile/make/build/out//source/cJSON_Utils.o
cJSON_AddItemToObjectCS                           /mnt/d/Code/Code/makefile/make/build/out//src/cJSON.o
cJSON_AddNullToObject                             /mnt/d/Code/Code/makefile/make/build/out//src/cJSON.o
cJSON_AddNumberToObject                           /mnt/d/Code/Code/makefile/make/build/out//src/cJSON.o
cJSON_AddObjectToObject                           /mnt/d/Code/Code/makefile/make/build/out//src/cJSON.o
cJSON_AddRawToObject                              /mnt/d/Code/Code/makefile/make/build/out//src/cJSON.o
cJSON_AddStringToObject                           /mnt/d/Code/Code/makefile/make/build/out//src/cJSON.o
cJSON_AddTrueToObject                             /mnt/d/Code/Code/makefile/make/build/out//src/cJSON.o
cJSON_Compare                                     /mnt/d/Code/Code/makefile/make/build/out//src/cJSON.o
cJSON_CreateArray                                 /mnt/d/Code/Code/makefile/make/build/out//src/cJSON.o
                                                  /mnt/d/Code/Code/makefile/make/build/out//source/cJSON_Utils.o
cJSON_CreateArrayReference                        /mnt/d/Code/Code/makefile/make/build/out//src/cJSON.o
cJSON_CreateBool                                  /mnt/d/Code/Code/makefile/make/build/out//src/cJSON.o
cJSON_CreateDoubleArray                           /mnt/d/Code/Code/makefile/make/build/out//src/cJSON.o
cJSON_CreateFalse                                 /mnt/d/Code/Code/makefile/make/build/out//src/cJSON.o
cJSON_CreateFloatArray                            /mnt/d/Code/Code/makefile/make/build/out//src/cJSON.o
cJSON_CreateIntArray                              /mnt/d/Code/Code/makefile/make/build/out//src/cJSON.o
cJSON_CreateNull                                  /mnt/d/Code/Code/makefile/make/build/out//src/cJSON.o
                                                  /mnt/d/Code/Code/makefile/make/build/out//source/cJSON_Utils.o
cJSON_CreateNumber                                /mnt/d/Code/Code/makefile/make/build/out//src/cJSON.o
cJSON_CreateObject                                /mnt/d/Code/Code/makefile/make/build/out//src/cJSON.o
                                                  /mnt/d/Code/Code/makefile/make/build/out//source/cJSON_Utils.o
cJSON_CreateObjectReference                       /mnt/d/Code/Code/makefile/make/build/out//src/cJSON.o
cJSON_CreateRaw                                   /mnt/d/Code/Code/makefile/make/build/out//src/cJSON.o
cJSON_CreateString                                /mnt/d/Code/Code/makefile/make/build/out//src/cJSON.o
                                                  /mnt/d/Code/Code/makefile/make/build/out//source/cJSON_Utils.o
cJSON_CreateStringArray                           /mnt/d/Code/Code/makefile/make/build/out//src/cJSON.o
cJSON_CreateStringReference                       /mnt/d/Code/Code/makefile/make/build/out//src/cJSON.o
cJSON_CreateTrue                                  /mnt/d/Code/Code/makefile/make/build/out//src/cJSON.o
cJSON_Delete                                      /mnt/d/Code/Code/makefile/make/build/out//src/cJSON.o
                                                  /mnt/d/Code/Code/makefile/make/build/out//source/cJSON_Utils.o
                                                  /mnt/d/Code/Code/makefile/make/build/out//./main.o
cJSON_DeleteItemFromArray                         /mnt/d/Code/Code/makefile/make/build/out//src/cJSON.o
cJSON_DeleteItemFromObject                        /mnt/d/Code/Code/makefile/make/build/out//src/cJSON.o
                                                  /mnt/d/Code/Code/makefile/make/build/out//source/cJSON_Utils.o
cJSON_DeleteItemFromObjectCaseSensitive           /mnt/d/Code/Code/makefile/make/build/out//src/cJSON.o
                                                  /mnt/d/Code/Code/makefile/make/build/out//source/cJSON_Utils.o
cJSON_DetachItemFromArray                         /mnt/d/Code/Code/makefile/make/build/out//src/cJSON.o
cJSON_DetachItemFromObject                        /mnt/d/Code/Code/makefile/make/build/out//src/cJSON.o
                                                  /mnt/d/Code/Code/makefile/make/build/out//source/cJSON_Utils.o
cJSON_DetachItemFromObjectCaseSensitive           /mnt/d/Code/Code/makefile/make/build/out//src/cJSON.o
                                                  /mnt/d/Code/Code/makefile/make/build/out//source/cJSON_Utils.o
cJSON_DetachItemViaPointer                        /mnt/d/Code/Code/makefile/make/build/out//src/cJSON.o
cJSON_Duplicate                                   /mnt/d/Code/Code/makefile/make/build/out//src/cJSON.o
                                                  /mnt/d/Code/Code/makefile/make/build/out//source/cJSON_Utils.o
cJSON_GetArrayItem                                /mnt/d/Code/Code/makefile/make/build/out//src/cJSON.o
cJSON_GetArraySize                                /mnt/d/Code/Code/makefile/make/build/out//src/cJSON.o
cJSON_GetErrorPtr                                 /mnt/d/Code/Code/makefile/make/build/out//src/cJSON.o
cJSON_GetObjectItem                               /mnt/d/Code/Code/makefile/make/build/out//src/cJSON.o
                                                  /mnt/d/Code/Code/makefile/make/build/out//source/cJSON_Utils.o
cJSON_GetObjectItemCaseSensitive                  /mnt/d/Code/Code/makefile/make/build/out//src/cJSON.o
                                                  /mnt/d/Code/Code/makefile/make/build/out//source/cJSON_Utils.o
cJSON_GetStringValue                              /mnt/d/Code/Code/makefile/make/build/out//src/cJSON.o
cJSON_HasObjectItem                               /mnt/d/Code/Code/makefile/make/build/out//src/cJSON.o
cJSON_InitHooks                                   /mnt/d/Code/Code/makefile/make/build/out//src/cJSON.o
cJSON_InsertItemInArray                           /mnt/d/Code/Code/makefile/make/build/out//src/cJSON.o
cJSON_IsArray                                     /mnt/d/Code/Code/makefile/make/build/out//src/cJSON.o
                                                  /mnt/d/Code/Code/makefile/make/build/out//source/cJSON_Utils.o
cJSON_IsBool                                      /mnt/d/Code/Code/makefile/make/build/out//src/cJSON.o
cJSON_IsFalse                                     /mnt/d/Code/Code/makefile/make/build/out//src/cJSON.o
cJSON_IsInvalid                                   /mnt/d/Code/Code/makefile/make/build/out//src/cJSON.o
cJSON_IsNull                                      /mnt/d/Code/Code/makefile/make/build/out//src/cJSON.o
                                                  /mnt/d/Code/Code/makefile/make/build/out//source/cJSON_Utils.o
cJSON_IsNumber                                    /mnt/d/Code/Code/makefile/make/build/out//src/cJSON.o
cJSON_IsObject                                    /mnt/d/Code/Code/makefile/make/build/out//src/cJSON.o
                                                  /mnt/d/Code/Code/makefile/make/build/out//source/cJSON_Utils.o
cJSON_IsRaw                                       /mnt/d/Code/Code/makefile/make/build/out//src/cJSON.o
cJSON_IsString                                    /mnt/d/Code/Code/makefile/make/build/out//src/cJSON.o
                                                  /mnt/d/Code/Code/makefile/make/build/out//source/cJSON_Utils.o
cJSON_IsTrue                                      /mnt/d/Code/Code/makefile/make/build/out//src/cJSON.o
cJSON_Minify                                      /mnt/d/Code/Code/makefile/make/build/out//src/cJSON.o
cJSON_Parse                                       /mnt/d/Code/Code/makefile/make/build/out//src/cJSON.o
                                                  /mnt/d/Code/Code/makefile/make/build/out//./main.o
cJSON_ParseWithOpts                               /mnt/d/Code/Code/makefile/make/build/out//src/cJSON.o
cJSON_Print                                       /mnt/d/Code/Code/makefile/make/build/out//src/cJSON.o
cJSON_PrintBuffered                               /mnt/d/Code/Code/makefile/make/build/out//src/cJSON.o
cJSON_PrintPreallocated                           /mnt/d/Code/Code/makefile/make/build/out//src/cJSON.o
cJSON_PrintUnformatted                            /mnt/d/Code/Code/makefile/make/build/out//src/cJSON.o
                                                  /mnt/d/Code/Code/makefile/make/build/out//./main.o
cJSON_ReplaceItemInArray                          /mnt/d/Code/Code/makefile/make/build/out//src/cJSON.o
cJSON_ReplaceItemInObject                         /mnt/d/Code/Code/makefile/make/build/out//src/cJSON.o
cJSON_ReplaceItemInObjectCaseSensitive            /mnt/d/Code/Code/makefile/make/build/out//src/cJSON.o
cJSON_ReplaceItemViaPointer                       /mnt/d/Code/Code/makefile/make/build/out//src/cJSON.o
cJSON_SetNumberHelper                             /mnt/d/Code/Code/makefile/make/build/out//src/cJSON.o
cJSON_Version                                     /mnt/d/Code/Code/makefile/make/build/out//src/cJSON.o
cJSON_free                                        /mnt/d/Code/Code/makefile/make/build/out//src/cJSON.o
                                                  /mnt/d/Code/Code/makefile/make/build/out//source/cJSON_Utils.o
cJSON_malloc                                      /mnt/d/Code/Code/makefile/make/build/out//src/cJSON.o
                                                  /mnt/d/Code/Code/makefile/make/build/out//source/cJSON_Utils.o
calloc                                            /lib/x86_64-linux-gnu/libc.so.6
calloc@@GLIBC_2.2.5                               /lib/x86_64-linux-gnu/libc.so.6
                                                  /lib/x86_64-linux-gnu/ld-linux-x86-64.so.2
calloc@GLIBC_2.2.5                                /lib/x86_64-linux-gnu/libc.so.6
canonicalize_file_name                            /lib/x86_64-linux-gnu/libc.so.6
canonicalize_file_name@@GLIBC_2.2.5               /lib/x86_64-linux-gnu/libc.so.6
canonicalize_file_name@GLIBC_2.2.5                /lib/x86_64-linux-gnu/libc.so.6
chdir                                             /lib/x86_64-linux-gnu/libc.so.6
chdir@@GLIBC_2.2.5                                /lib/x86_64-linux-gnu/libc.so.6
chdir@GLIBC_2.2.5                                 /lib/x86_64-linux-gnu/libc.so.6
chmod                                             /lib/x86_64-linux-gnu/libc.so.6
chmod@@GLIBC_2.2.5                                /lib/x86_64-linux-gnu/libc.so.6
chmod@GLIBC_2.2.5                                 /lib/x86_64-linux-gnu/libc.so.6
chown                                             /lib/x86_64-linux-gnu/libc.so.6
chown@@GLIBC_2.2.5                                /lib/x86_64-linux-gnu/libc.so.6
chown@GLIBC_2.2.5                                 /lib/x86_64-linux-gnu/libc.so.6
clearenv                                          /lib/x86_64-linux-gnu/libc.so.6
clearenv@@GLIBC_2.2.5                             /lib/x86_64-linux-gnu/libc.so.6
clearenv@GLIBC_2.2.5                              /lib/x86_64-linux-gnu/libc.so.6
clock_getcpuclockid                               /lib/x86_64-linux-gnu/libc.so.6
clock_getcpuclockid@@GLIBC_2.17                   /lib/x86_64-linux-gnu/libc.so.6
clock_getcpuclockid@GLIBC_2.17                    /lib/x86_64-linux-gnu/libc.so.6
clock_getres                                      /lib/x86_64-linux-gnu/libc.so.6
clock_getres@@GLIBC_2.17                          /lib/x86_64-linux-gnu/libc.so.6
clock_getres@GLIBC_2.17                           /lib/x86_64-linux-gnu/libc.so.6
clock_gettime                                     /lib/x86_64-linux-gnu/libc.so.6
clock_gettime@@GLIBC_2.17                         /lib/x86_64-linux-gnu/libc.so.6
clock_gettime@GLIBC_2.17                          /lib/x86_64-linux-gnu/libc.so.6
clock_nanosleep                                   /lib/x86_64-linux-gnu/libc.so.6
clock_nanosleep@@GLIBC_2.17                       /lib/x86_64-linux-gnu/libc.so.6
clock_nanosleep@GLIBC_2.17                        /lib/x86_64-linux-gnu/libc.so.6
clock_settime                                     /lib/x86_64-linux-gnu/libc.so.6
clock_settime@@GLIBC_2.17                         /lib/x86_64-linux-gnu/libc.so.6
clock_settime@GLIBC_2.17                          /lib/x86_64-linux-gnu/libc.so.6
clone                                             /lib/x86_64-linux-gnu/libc.so.6
clone@@GLIBC_2.2.5                                /lib/x86_64-linux-gnu/libc.so.6
clone@GLIBC_2.2.5                                 /lib/x86_64-linux-gnu/libc.so.6
close                                             /lib/x86_64-linux-gnu/libc.so.6
close@@GLIBC_2.2.5                                /lib/x86_64-linux-gnu/libc.so.6
close@GLIBC_2.2.5                                 /lib/x86_64-linux-gnu/libc.so.6
closedir                                          /lib/x86_64-linux-gnu/libc.so.6
closedir@@GLIBC_2.2.5                             /lib/x86_64-linux-gnu/libc.so.6
closedir@GLIBC_2.2.5                              /lib/x86_64-linux-gnu/libc.so.6
connect                                           /lib/x86_64-linux-gnu/libc.so.6
connect@@GLIBC_2.2.5                              /lib/x86_64-linux-gnu/libc.so.6
connect@GLIBC_2.2.5                               /lib/x86_64-linux-gnu/libc.so.6
copysign                                          /lib/x86_64-linux-gnu/libc.so.6
copysign@@GLIBC_2.2.5                             /lib/x86_64-linux-gnu/libc.so.6
copysign@GLIBC_2.2.5                              /lib/x86_64-linux-gnu/libc.so.6
copysignf                                         /lib/x86_64-linux-gnu/libc.so.6
copysignf@@GLIBC_2.2.5                            /lib/x86_64-linux-gnu/libc.so.6
copysignf@GLIBC_2.2.5                             /lib/x86_64-linux-gnu/libc.so.6
copysignl                                         /lib/x86_64-linux-gnu/libc.so.6
copysignl@@GLIBC_2.2.5                            /lib/x86_64-linux-gnu/libc.so.6
copysignl@GLIBC_2.2.5                             /lib/x86_64-linux-gnu/libc.so.6
creat                                             /lib/x86_64-linux-gnu/libc.so.6
creat64                                           /lib/x86_64-linux-gnu/libc.so.6
creat64@@GLIBC_2.2.5                              /lib/x86_64-linux-gnu/libc.so.6
creat64@GLIBC_2.2.5                               /lib/x86_64-linux-gnu/libc.so.6
creat@@GLIBC_2.2.5                                /lib/x86_64-linux-gnu/libc.so.6
creat@GLIBC_2.2.5                                 /lib/x86_64-linux-gnu/libc.so.6
data_start                                        /usr/lib/gcc/x86_64-linux-gnu/7/../../../x86_64-linux-gnu/Scrt1.o
daylight                                          /lib/x86_64-linux-gnu/libc.so.6
daylight@@GLIBC_2.2.5                             /lib/x86_64-linux-gnu/libc.so.6
daylight@GLIBC_2.2.5                              /lib/x86_64-linux-gnu/libc.so.6
dcgettext                                         /lib/x86_64-linux-gnu/libc.so.6
dcgettext@@GLIBC_2.2.5                            /lib/x86_64-linux-gnu/libc.so.6
dcgettext@GLIBC_2.2.5                             /lib/x86_64-linux-gnu/libc.so.6
dcngettext                                        /lib/x86_64-linux-gnu/libc.so.6
dcngettext@@GLIBC_2.2.5                           /lib/x86_64-linux-gnu/libc.so.6
dcngettext@GLIBC_2.2.5                            /lib/x86_64-linux-gnu/libc.so.6
dgettext                                          /lib/x86_64-linux-gnu/libc.so.6
dgettext@@GLIBC_2.2.5                             /lib/x86_64-linux-gnu/libc.so.6
dgettext@GLIBC_2.2.5                              /lib/x86_64-linux-gnu/libc.so.6
dirfd                                             /lib/x86_64-linux-gnu/libc.so.6
dirfd@@GLIBC_2.2.5                                /lib/x86_64-linux-gnu/libc.so.6
dirfd@GLIBC_2.2.5                                 /lib/x86_64-linux-gnu/libc.so.6
dl_iterate_phdr                                   /lib/x86_64-linux-gnu/libc.so.6
dl_iterate_phdr@@GLIBC_2.2.5                      /lib/x86_64-linux-gnu/libc.so.6
dl_iterate_phdr@GLIBC_2.2.5                       /lib/x86_64-linux-gnu/libc.so.6
dngettext                                         /lib/x86_64-linux-gnu/libc.so.6
dngettext@@GLIBC_2.2.5                            /lib/x86_64-linux-gnu/libc.so.6
dngettext@GLIBC_2.2.5                             /lib/x86_64-linux-gnu/libc.so.6
dup                                               /lib/x86_64-linux-gnu/libc.so.6
dup2                                              /lib/x86_64-linux-gnu/libc.so.6
dup2@@GLIBC_2.2.5                                 /lib/x86_64-linux-gnu/libc.so.6
dup2@GLIBC_2.2.5                                  /lib/x86_64-linux-gnu/libc.so.6
dup3                                              /lib/x86_64-linux-gnu/libc.so.6
dup3@@GLIBC_2.9                                   /lib/x86_64-linux-gnu/libc.so.6
dup3@GLIBC_2.9                                    /lib/x86_64-linux-gnu/libc.so.6
dup@@GLIBC_2.2.5                                  /lib/x86_64-linux-gnu/libc.so.6
dup@GLIBC_2.2.5                                   /lib/x86_64-linux-gnu/libc.so.6
duplocale                                         /lib/x86_64-linux-gnu/libc.so.6
duplocale@@GLIBC_2.3                              /lib/x86_64-linux-gnu/libc.so.6
duplocale@GLIBC_2.3                               /lib/x86_64-linux-gnu/libc.so.6
eaccess                                           /lib/x86_64-linux-gnu/libc.so.6
eaccess@@GLIBC_2.4                                /lib/x86_64-linux-gnu/libc.so.6
eaccess@GLIBC_2.4                                 /lib/x86_64-linux-gnu/libc.so.6
ecvt_r                                            /lib/x86_64-linux-gnu/libc.so.6
ecvt_r@@GLIBC_2.2.5                               /lib/x86_64-linux-gnu/libc.so.6
ecvt_r@GLIBC_2.2.5                                /lib/x86_64-linux-gnu/libc.so.6
endmntent                                         /lib/x86_64-linux-gnu/libc.so.6
endmntent@@GLIBC_2.2.5                            /lib/x86_64-linux-gnu/libc.so.6
endmntent@GLIBC_2.2.5                             /lib/x86_64-linux-gnu/libc.so.6
endttyent                                         /lib/x86_64-linux-gnu/libc.so.6
endttyent@@GLIBC_2.2.5                            /lib/x86_64-linux-gnu/libc.so.6
endttyent@GLIBC_2.2.5                             /lib/x86_64-linux-gnu/libc.so.6
endutent                                          /lib/x86_64-linux-gnu/libc.so.6
endutent@@GLIBC_2.2.5                             /lib/x86_64-linux-gnu/libc.so.6
endutent@GLIBC_2.2.5                              /lib/x86_64-linux-gnu/libc.so.6
environ                                           /lib/x86_64-linux-gnu/libc.so.6
environ@@GLIBC_2.2.5                              /lib/x86_64-linux-gnu/libc.so.6
environ@GLIBC_2.2.5                               /lib/x86_64-linux-gnu/libc.so.6
erand48_r                                         /lib/x86_64-linux-gnu/libc.so.6
erand48_r@@GLIBC_2.2.5                            /lib/x86_64-linux-gnu/libc.so.6
erand48_r@GLIBC_2.2.5                             /lib/x86_64-linux-gnu/libc.so.6
error                                             /lib/x86_64-linux-gnu/libc.so.6
error@@GLIBC_2.2.5                                /lib/x86_64-linux-gnu/libc.so.6
error@GLIBC_2.2.5                                 /lib/x86_64-linux-gnu/libc.so.6
error_at_line                                     /lib/x86_64-linux-gnu/libc.so.6
error_at_line@@GLIBC_2.2.5                        /lib/x86_64-linux-gnu/libc.so.6
error_at_line@GLIBC_2.2.5                         /lib/x86_64-linux-gnu/libc.so.6
euidaccess                                        /lib/x86_64-linux-gnu/libc.so.6
euidaccess@@GLIBC_2.2.5                           /lib/x86_64-linux-gnu/libc.so.6
euidaccess@GLIBC_2.2.5                            /lib/x86_64-linux-gnu/libc.so.6
execve                                            /lib/x86_64-linux-gnu/libc.so.6
execve@@GLIBC_2.2.5                               /lib/x86_64-linux-gnu/libc.so.6
execve@GLIBC_2.2.5                                /lib/x86_64-linux-gnu/libc.so.6
execvpe                                           /lib/x86_64-linux-gnu/libc.so.6
execvpe@@GLIBC_2.11                               /lib/x86_64-linux-gnu/libc.so.6
execvpe@GLIBC_2.11                                /lib/x86_64-linux-gnu/libc.so.6
fallocate                                         /lib/x86_64-linux-gnu/libc.so.6
fallocate@@GLIBC_2.10                             /lib/x86_64-linux-gnu/libc.so.6
fallocate@GLIBC_2.10                              /lib/x86_64-linux-gnu/libc.so.6
fchdir                                            /lib/x86_64-linux-gnu/libc.so.6
fchdir@@GLIBC_2.2.5                               /lib/x86_64-linux-gnu/libc.so.6
fchdir@GLIBC_2.2.5                                /lib/x86_64-linux-gnu/libc.so.6
fchmod                                            /lib/x86_64-linux-gnu/libc.so.6
fchmod@@GLIBC_2.2.5                               /lib/x86_64-linux-gnu/libc.so.6
fchmod@GLIBC_2.2.5                                /lib/x86_64-linux-gnu/libc.so.6
fchown                                            /lib/x86_64-linux-gnu/libc.so.6
fchown@@GLIBC_2.2.5                               /lib/x86_64-linux-gnu/libc.so.6
fchown@GLIBC_2.2.5                                /lib/x86_64-linux-gnu/libc.so.6
fcloseall                                         /lib/x86_64-linux-gnu/libc.so.6
fcloseall@@GLIBC_2.2.5                            /lib/x86_64-linux-gnu/libc.so.6
fcloseall@GLIBC_2.2.5                             /lib/x86_64-linux-gnu/libc.so.6
fcntl                                             /lib/x86_64-linux-gnu/libc.so.6
fcntl@@GLIBC_2.2.5                                /lib/x86_64-linux-gnu/libc.so.6
fcntl@GLIBC_2.2.5                                 /lib/x86_64-linux-gnu/libc.so.6
fcvt_r                                            /lib/x86_64-linux-gnu/libc.so.6
fcvt_r@@GLIBC_2.2.5                               /lib/x86_64-linux-gnu/libc.so.6
fcvt_r@GLIBC_2.2.5                                /lib/x86_64-linux-gnu/libc.so.6
fdopendir                                         /lib/x86_64-linux-gnu/libc.so.6
fdopendir@@GLIBC_2.4                              /lib/x86_64-linux-gnu/libc.so.6
fdopendir@GLIBC_2.4                               /lib/x86_64-linux-gnu/libc.so.6
feof                                              /lib/x86_64-linux-gnu/libc.so.6
feof@@GLIBC_2.2.5                                 /lib/x86_64-linux-gnu/libc.so.6
feof@GLIBC_2.2.5                                  /lib/x86_64-linux-gnu/libc.so.6
ferror                                            /lib/x86_64-linux-gnu/libc.so.6
ferror@@GLIBC_2.2.5                               /lib/x86_64-linux-gnu/libc.so.6
ferror@GLIBC_2.2.5                                /lib/x86_64-linux-gnu/libc.so.6
fflush                                            /lib/x86_64-linux-gnu/libc.so.6
fflush@@GLIBC_2.2.5                               /lib/x86_64-linux-gnu/libc.so.6
fflush@GLIBC_2.2.5                                /lib/x86_64-linux-gnu/libc.so.6
fflush_unlocked                                   /lib/x86_64-linux-gnu/libc.so.6
fflush_unlocked@@GLIBC_2.2.5                      /lib/x86_64-linux-gnu/libc.so.6
fflush_unlocked@GLIBC_2.2.5                       /lib/x86_64-linux-gnu/libc.so.6
ffsl                                              /lib/x86_64-linux-gnu/libc.so.6
ffsl@@GLIBC_2.2.5                                 /lib/x86_64-linux-gnu/libc.so.6
ffsl@GLIBC_2.2.5                                  /lib/x86_64-linux-gnu/libc.so.6
fgetc                                             /lib/x86_64-linux-gnu/libc.so.6
fgetc@@GLIBC_2.2.5                                /lib/x86_64-linux-gnu/libc.so.6
fgetc@GLIBC_2.2.5                                 /lib/x86_64-linux-gnu/libc.so.6
fgetc_unlocked                                    /lib/x86_64-linux-gnu/libc.so.6
fgetc_unlocked@@GLIBC_2.2.5                       /lib/x86_64-linux-gnu/libc.so.6
fgetc_unlocked@GLIBC_2.2.5                        /lib/x86_64-linux-gnu/libc.so.6
fgetgrent_r                                       /lib/x86_64-linux-gnu/libc.so.6
fgetgrent_r@@GLIBC_2.2.5                          /lib/x86_64-linux-gnu/libc.so.6
fgetgrent_r@GLIBC_2.2.5                           /lib/x86_64-linux-gnu/libc.so.6
fgetpwent_r                                       /lib/x86_64-linux-gnu/libc.so.6
fgetpwent_r@@GLIBC_2.2.5                          /lib/x86_64-linux-gnu/libc.so.6
fgetpwent_r@GLIBC_2.2.5                           /lib/x86_64-linux-gnu/libc.so.6
fgets                                             /lib/x86_64-linux-gnu/libc.so.6
fgets@@GLIBC_2.2.5                                /lib/x86_64-linux-gnu/libc.so.6
fgets@GLIBC_2.2.5                                 /lib/x86_64-linux-gnu/libc.so.6
fgets_unlocked                                    /lib/x86_64-linux-gnu/libc.so.6
fgets_unlocked@@GLIBC_2.2.5                       /lib/x86_64-linux-gnu/libc.so.6
fgets_unlocked@GLIBC_2.2.5                        /lib/x86_64-linux-gnu/libc.so.6
fgetsgent_r                                       /lib/x86_64-linux-gnu/libc.so.6
fgetsgent_r@@GLIBC_2.10                           /lib/x86_64-linux-gnu/libc.so.6
fgetsgent_r@GLIBC_2.10                            /lib/x86_64-linux-gnu/libc.so.6
fgetspent_r                                       /lib/x86_64-linux-gnu/libc.so.6
fgetspent_r@@GLIBC_2.2.5                          /lib/x86_64-linux-gnu/libc.so.6
fgetspent_r@GLIBC_2.2.5                           /lib/x86_64-linux-gnu/libc.so.6
fgetwc                                            /lib/x86_64-linux-gnu/libc.so.6
fgetwc@@GLIBC_2.2.5                               /lib/x86_64-linux-gnu/libc.so.6
fgetwc@GLIBC_2.2.5                                /lib/x86_64-linux-gnu/libc.so.6
fgetwc_unlocked                                   /lib/x86_64-linux-gnu/libc.so.6
fgetwc_unlocked@@GLIBC_2.2.5                      /lib/x86_64-linux-gnu/libc.so.6
fgetwc_unlocked@GLIBC_2.2.5                       /lib/x86_64-linux-gnu/libc.so.6
fileno                                            /lib/x86_64-linux-gnu/libc.so.6
fileno@@GLIBC_2.2.5                               /lib/x86_64-linux-gnu/libc.so.6
fileno@GLIBC_2.2.5                                /lib/x86_64-linux-gnu/libc.so.6
fileno_unlocked                                   /lib/x86_64-linux-gnu/libc.so.6
fileno_unlocked@@GLIBC_2.2.5                      /lib/x86_64-linux-gnu/libc.so.6
fileno_unlocked@GLIBC_2.2.5                       /lib/x86_64-linux-gnu/libc.so.6
finite                                            /lib/x86_64-linux-gnu/libc.so.6
finite@@GLIBC_2.2.5                               /lib/x86_64-linux-gnu/libc.so.6
finite@GLIBC_2.2.5                                /lib/x86_64-linux-gnu/libc.so.6
finitef                                           /lib/x86_64-linux-gnu/libc.so.6
finitef@@GLIBC_2.2.5                              /lib/x86_64-linux-gnu/libc.so.6
finitef@GLIBC_2.2.5                               /lib/x86_64-linux-gnu/libc.so.6
finitel                                           /lib/x86_64-linux-gnu/libc.so.6
finitel@@GLIBC_2.2.5                              /lib/x86_64-linux-gnu/libc.so.6
finitel@GLIBC_2.2.5                               /lib/x86_64-linux-gnu/libc.so.6
flock                                             /lib/x86_64-linux-gnu/libc.so.6
flock@@GLIBC_2.2.5                                /lib/x86_64-linux-gnu/libc.so.6
flock@GLIBC_2.2.5                                 /lib/x86_64-linux-gnu/libc.so.6
flockfile                                         /lib/x86_64-linux-gnu/libc.so.6
flockfile@@GLIBC_2.2.5                            /lib/x86_64-linux-gnu/libc.so.6
flockfile@GLIBC_2.2.5                             /lib/x86_64-linux-gnu/libc.so.6
fopen64                                           /lib/x86_64-linux-gnu/libc.so.6
fopen64@@GLIBC_2.2.5                              /lib/x86_64-linux-gnu/libc.so.6
fopen64@GLIBC_2.2.5                               /lib/x86_64-linux-gnu/libc.so.6
fork                                              /lib/x86_64-linux-gnu/libc.so.6
fork@@GLIBC_2.2.5                                 /lib/x86_64-linux-gnu/libc.so.6
fork@GLIBC_2.2.5                                  /lib/x86_64-linux-gnu/libc.so.6
fpathconf                                         /lib/x86_64-linux-gnu/libc.so.6
fpathconf@@GLIBC_2.2.5                            /lib/x86_64-linux-gnu/libc.so.6
fpathconf@GLIBC_2.2.5                             /lib/x86_64-linux-gnu/libc.so.6
fputs                                             /lib/x86_64-linux-gnu/libc.so.6
fputs@@GLIBC_2.2.5                                /lib/x86_64-linux-gnu/libc.so.6
fputs@GLIBC_2.2.5                                 /lib/x86_64-linux-gnu/libc.so.6
fputs_unlocked                                    /lib/x86_64-linux-gnu/libc.so.6
fputs_unlocked@@GLIBC_2.2.5                       /lib/x86_64-linux-gnu/libc.so.6
fputs_unlocked@GLIBC_2.2.5                        /lib/x86_64-linux-gnu/libc.so.6
fread                                             /lib/x86_64-linux-gnu/libc.so.6
fread@@GLIBC_2.2.5                                /lib/x86_64-linux-gnu/libc.so.6
fread@GLIBC_2.2.5                                 /lib/x86_64-linux-gnu/libc.so.6
fread_unlocked                                    /lib/x86_64-linux-gnu/libc.so.6
fread_unlocked@@GLIBC_2.2.5                       /lib/x86_64-linux-gnu/libc.so.6
fread_unlocked@GLIBC_2.2.5                        /lib/x86_64-linux-gnu/libc.so.6
freeifaddrs                                       /lib/x86_64-linux-gnu/libc.so.6
freeifaddrs@@GLIBC_2.3                            /lib/x86_64-linux-gnu/libc.so.6
freeifaddrs@GLIBC_2.3                             /lib/x86_64-linux-gnu/libc.so.6
freelocale                                        /lib/x86_64-linux-gnu/libc.so.6
freelocale@@GLIBC_2.3                             /lib/x86_64-linux-gnu/libc.so.6
freelocale@GLIBC_2.3                              /lib/x86_64-linux-gnu/libc.so.6
frexp                                             /lib/x86_64-linux-gnu/libc.so.6
frexp@@GLIBC_2.2.5                                /lib/x86_64-linux-gnu/libc.so.6
frexp@GLIBC_2.2.5                                 /lib/x86_64-linux-gnu/libc.so.6
frexpf                                            /lib/x86_64-linux-gnu/libc.so.6
frexpf@@GLIBC_2.2.5                               /lib/x86_64-linux-gnu/libc.so.6
frexpf@GLIBC_2.2.5                                /lib/x86_64-linux-gnu/libc.so.6
frexpl                                            /lib/x86_64-linux-gnu/libc.so.6
frexpl@@GLIBC_2.2.5                               /lib/x86_64-linux-gnu/libc.so.6
frexpl@GLIBC_2.2.5                                /lib/x86_64-linux-gnu/libc.so.6
fseeko64                                          /lib/x86_64-linux-gnu/libc.so.6
fseeko64@@GLIBC_2.2.5                             /lib/x86_64-linux-gnu/libc.so.6
fseeko64@GLIBC_2.2.5                              /lib/x86_64-linux-gnu/libc.so.6
fstatfs                                           /lib/x86_64-linux-gnu/libc.so.6
fstatfs64                                         /lib/x86_64-linux-gnu/libc.so.6
fstatfs64@@GLIBC_2.2.5                            /lib/x86_64-linux-gnu/libc.so.6
fstatfs64@GLIBC_2.2.5                             /lib/x86_64-linux-gnu/libc.so.6
fstatfs@@GLIBC_2.2.5                              /lib/x86_64-linux-gnu/libc.so.6
fstatfs@GLIBC_2.2.5                               /lib/x86_64-linux-gnu/libc.so.6
fstatvfs                                          /lib/x86_64-linux-gnu/libc.so.6
fstatvfs64                                        /lib/x86_64-linux-gnu/libc.so.6
fstatvfs64@@GLIBC_2.2.5                           /lib/x86_64-linux-gnu/libc.so.6
fstatvfs64@GLIBC_2.2.5                            /lib/x86_64-linux-gnu/libc.so.6
fstatvfs@@GLIBC_2.2.5                             /lib/x86_64-linux-gnu/libc.so.6
fstatvfs@GLIBC_2.2.5                              /lib/x86_64-linux-gnu/libc.so.6
ftell                                             /lib/x86_64-linux-gnu/libc.so.6
ftell@@GLIBC_2.2.5                                /lib/x86_64-linux-gnu/libc.so.6
ftell@GLIBC_2.2.5                                 /lib/x86_64-linux-gnu/libc.so.6
ftello                                            /lib/x86_64-linux-gnu/libc.so.6
ftello64                                          /lib/x86_64-linux-gnu/libc.so.6
ftello64@@GLIBC_2.2.5                             /lib/x86_64-linux-gnu/libc.so.6
ftello64@GLIBC_2.2.5                              /lib/x86_64-linux-gnu/libc.so.6
ftello@@GLIBC_2.2.5                               /lib/x86_64-linux-gnu/libc.so.6
ftello@GLIBC_2.2.5                                /lib/x86_64-linux-gnu/libc.so.6
ftruncate                                         /lib/x86_64-linux-gnu/libc.so.6
ftruncate64                                       /lib/x86_64-linux-gnu/libc.so.6
ftruncate64@@GLIBC_2.2.5                          /lib/x86_64-linux-gnu/libc.so.6
ftruncate64@GLIBC_2.2.5                           /lib/x86_64-linux-gnu/libc.so.6
ftruncate@@GLIBC_2.2.5                            /lib/x86_64-linux-gnu/libc.so.6
ftruncate@GLIBC_2.2.5                             /lib/x86_64-linux-gnu/libc.so.6
ftrylockfile                                      /lib/x86_64-linux-gnu/libc.so.6
ftrylockfile@@GLIBC_2.2.5                         /lib/x86_64-linux-gnu/libc.so.6
ftrylockfile@GLIBC_2.2.5                          /lib/x86_64-linux-gnu/libc.so.6
fts64_children                                    /lib/x86_64-linux-gnu/libc.so.6
fts64_children@@GLIBC_2.23                        /lib/x86_64-linux-gnu/libc.so.6
fts64_children@GLIBC_2.23                         /lib/x86_64-linux-gnu/libc.so.6
fts64_close                                       /lib/x86_64-linux-gnu/libc.so.6
fts64_close@@GLIBC_2.23                           /lib/x86_64-linux-gnu/libc.so.6
fts64_close@GLIBC_2.23                            /lib/x86_64-linux-gnu/libc.so.6
fts64_open                                        /lib/x86_64-linux-gnu/libc.so.6
fts64_open@@GLIBC_2.23                            /lib/x86_64-linux-gnu/libc.so.6
fts64_open@GLIBC_2.23                             /lib/x86_64-linux-gnu/libc.so.6
fts64_read                                        /lib/x86_64-linux-gnu/libc.so.6
fts64_read@@GLIBC_2.23                            /lib/x86_64-linux-gnu/libc.so.6
fts64_read@GLIBC_2.23                             /lib/x86_64-linux-gnu/libc.so.6
fts64_set                                         /lib/x86_64-linux-gnu/libc.so.6
fts64_set@@GLIBC_2.23                             /lib/x86_64-linux-gnu/libc.so.6
fts64_set@GLIBC_2.23                              /lib/x86_64-linux-gnu/libc.so.6
ftw64                                             /lib/x86_64-linux-gnu/libc.so.6
ftw64@@GLIBC_2.2.5                                /lib/x86_64-linux-gnu/libc.so.6
ftw64@GLIBC_2.2.5                                 /lib/x86_64-linux-gnu/libc.so.6
funlockfile                                       /lib/x86_64-linux-gnu/libc.so.6
funlockfile@@GLIBC_2.2.5                          /lib/x86_64-linux-gnu/libc.so.6
funlockfile@GLIBC_2.2.5                           /lib/x86_64-linux-gnu/libc.so.6
futimes                                           /lib/x86_64-linux-gnu/libc.so.6
futimes@@GLIBC_2.3                                /lib/x86_64-linux-gnu/libc.so.6
futimes@GLIBC_2.3                                 /lib/x86_64-linux-gnu/libc.so.6
fwprintf                                          /lib/x86_64-linux-gnu/libc.so.6
fwprintf@@GLIBC_2.2.5                             /lib/x86_64-linux-gnu/libc.so.6
fwprintf@GLIBC_2.2.5                              /lib/x86_64-linux-gnu/libc.so.6
fwrite                                            /lib/x86_64-linux-gnu/libc.so.6
fwrite@@GLIBC_2.2.5                               /lib/x86_64-linux-gnu/libc.so.6
fwrite@GLIBC_2.2.5                                /lib/x86_64-linux-gnu/libc.so.6
get_avphys_pages                                  /lib/x86_64-linux-gnu/libc.so.6
get_avphys_pages@@GLIBC_2.2.5                     /lib/x86_64-linux-gnu/libc.so.6
get_avphys_pages@GLIBC_2.2.5                      /lib/x86_64-linux-gnu/libc.so.6
get_nprocs                                        /lib/x86_64-linux-gnu/libc.so.6
get_nprocs@@GLIBC_2.2.5                           /lib/x86_64-linux-gnu/libc.so.6
get_nprocs@GLIBC_2.2.5                            /lib/x86_64-linux-gnu/libc.so.6
get_nprocs_conf                                   /lib/x86_64-linux-gnu/libc.so.6
get_nprocs_conf@@GLIBC_2.2.5                      /lib/x86_64-linux-gnu/libc.so.6
get_nprocs_conf@GLIBC_2.2.5                       /lib/x86_64-linux-gnu/libc.so.6
get_phys_pages                                    /lib/x86_64-linux-gnu/libc.so.6
get_phys_pages@@GLIBC_2.2.5                       /lib/x86_64-linux-gnu/libc.so.6
get_phys_pages@GLIBC_2.2.5                        /lib/x86_64-linux-gnu/libc.so.6
getauxval                                         /lib/x86_64-linux-gnu/libc.so.6
getauxval@@GLIBC_2.16                             /lib/x86_64-linux-gnu/libc.so.6
getauxval@GLIBC_2.16                              /lib/x86_64-linux-gnu/libc.so.6
getc                                              /lib/x86_64-linux-gnu/libc.so.6
getc@@GLIBC_2.2.5                                 /lib/x86_64-linux-gnu/libc.so.6
getc@GLIBC_2.2.5                                  /lib/x86_64-linux-gnu/libc.so.6
getc_unlocked                                     /lib/x86_64-linux-gnu/libc.so.6
getc_unlocked@@GLIBC_2.2.5                        /lib/x86_64-linux-gnu/libc.so.6
getc_unlocked@GLIBC_2.2.5                         /lib/x86_64-linux-gnu/libc.so.6
getcontext                                        /lib/x86_64-linux-gnu/libc.so.6
getcontext@@GLIBC_2.2.5                           /lib/x86_64-linux-gnu/libc.so.6
getcontext@GLIBC_2.2.5                            /lib/x86_64-linux-gnu/libc.so.6
getcwd                                            /lib/x86_64-linux-gnu/libc.so.6
getcwd@@GLIBC_2.2.5                               /lib/x86_64-linux-gnu/libc.so.6
getcwd@GLIBC_2.2.5                                /lib/x86_64-linux-gnu/libc.so.6
getdate_r                                         /lib/x86_64-linux-gnu/libc.so.6
getdate_r@@GLIBC_2.2.5                            /lib/x86_64-linux-gnu/libc.so.6
getdate_r@GLIBC_2.2.5                             /lib/x86_64-linux-gnu/libc.so.6
getdelim                                          /lib/x86_64-linux-gnu/libc.so.6
getdelim@@GLIBC_2.2.5                             /lib/x86_64-linux-gnu/libc.so.6
getdelim@GLIBC_2.2.5                              /lib/x86_64-linux-gnu/libc.so.6
getdirentries64                                   /lib/x86_64-linux-gnu/libc.so.6
getdirentries64@@GLIBC_2.2.5                      /lib/x86_64-linux-gnu/libc.so.6
getdirentries64@GLIBC_2.2.5                       /lib/x86_64-linux-gnu/libc.so.6
getdtablesize                                     /lib/x86_64-linux-gnu/libc.so.6
getdtablesize@@GLIBC_2.2.5                        /lib/x86_64-linux-gnu/libc.so.6
getdtablesize@GLIBC_2.2.5                         /lib/x86_64-linux-gnu/libc.so.6
getegid                                           /lib/x86_64-linux-gnu/libc.so.6
getegid@@GLIBC_2.2.5                              /lib/x86_64-linux-gnu/libc.so.6
getegid@GLIBC_2.2.5                               /lib/x86_64-linux-gnu/libc.so.6
geteuid                                           /lib/x86_64-linux-gnu/libc.so.6
geteuid@@GLIBC_2.2.5                              /lib/x86_64-linux-gnu/libc.so.6
geteuid@GLIBC_2.2.5                               /lib/x86_64-linux-gnu/libc.so.6
getgid                                            /lib/x86_64-linux-gnu/libc.so.6
getgid@@GLIBC_2.2.5                               /lib/x86_64-linux-gnu/libc.so.6
getgid@GLIBC_2.2.5                                /lib/x86_64-linux-gnu/libc.so.6
getgroups                                         /lib/x86_64-linux-gnu/libc.so.6
getgroups@@GLIBC_2.2.5                            /lib/x86_64-linux-gnu/libc.so.6
getgroups@GLIBC_2.2.5                             /lib/x86_64-linux-gnu/libc.so.6
gethostname                                       /lib/x86_64-linux-gnu/libc.so.6
gethostname@@GLIBC_2.2.5                          /lib/x86_64-linux-gnu/libc.so.6
gethostname@GLIBC_2.2.5                           /lib/x86_64-linux-gnu/libc.so.6
getifaddrs                                        /lib/x86_64-linux-gnu/libc.so.6
getifaddrs@@GLIBC_2.3                             /lib/x86_64-linux-gnu/libc.so.6
getifaddrs@GLIBC_2.3                              /lib/x86_64-linux-gnu/libc.so.6
getitimer                                         /lib/x86_64-linux-gnu/libc.so.6
getitimer@@GLIBC_2.2.5                            /lib/x86_64-linux-gnu/libc.so.6
getitimer@GLIBC_2.2.5                             /lib/x86_64-linux-gnu/libc.so.6
getline                                           /lib/x86_64-linux-gnu/libc.so.6
getline@@GLIBC_2.2.5                              /lib/x86_64-linux-gnu/libc.so.6
getline@GLIBC_2.2.5                               /lib/x86_64-linux-gnu/libc.so.6
getlogin_r                                        /lib/x86_64-linux-gnu/libc.so.6
getlogin_r@@GLIBC_2.2.5                           /lib/x86_64-linux-gnu/libc.so.6
getlogin_r@GLIBC_2.2.5                            /lib/x86_64-linux-gnu/libc.so.6
getmntent_r                                       /lib/x86_64-linux-gnu/libc.so.6
getmntent_r@@GLIBC_2.2.5                          /lib/x86_64-linux-gnu/libc.so.6
getmntent_r@GLIBC_2.2.5                           /lib/x86_64-linux-gnu/libc.so.6
getnetgrent_r                                     /lib/x86_64-linux-gnu/libc.so.6
getnetgrent_r@@GLIBC_2.2.5                        /lib/x86_64-linux-gnu/libc.so.6
getnetgrent_r@GLIBC_2.2.5                         /lib/x86_64-linux-gnu/libc.so.6
getpagesize                                       /lib/x86_64-linux-gnu/libc.so.6
getpagesize@@GLIBC_2.2.5                          /lib/x86_64-linux-gnu/libc.so.6
getpagesize@GLIBC_2.2.5                           /lib/x86_64-linux-gnu/libc.so.6
getpeername                                       /lib/x86_64-linux-gnu/libc.so.6
getpeername@@GLIBC_2.2.5                          /lib/x86_64-linux-gnu/libc.so.6
getpeername@GLIBC_2.2.5                           /lib/x86_64-linux-gnu/libc.so.6
getpgid                                           /lib/x86_64-linux-gnu/libc.so.6
getpgid@@GLIBC_2.2.5                              /lib/x86_64-linux-gnu/libc.so.6
getpgid@GLIBC_2.2.5                               /lib/x86_64-linux-gnu/libc.so.6
getpid                                            /lib/x86_64-linux-gnu/libc.so.6
getpid@@GLIBC_2.2.5                               /lib/x86_64-linux-gnu/libc.so.6
getpid@GLIBC_2.2.5                                /lib/x86_64-linux-gnu/libc.so.6
getppid                                           /lib/x86_64-linux-gnu/libc.so.6
getppid@@GLIBC_2.2.5                              /lib/x86_64-linux-gnu/libc.so.6
getppid@GLIBC_2.2.5                               /lib/x86_64-linux-gnu/libc.so.6
getpriority                                       /lib/x86_64-linux-gnu/libc.so.6
getpriority@@GLIBC_2.2.5                          /lib/x86_64-linux-gnu/libc.so.6
getpriority@GLIBC_2.2.5                           /lib/x86_64-linux-gnu/libc.so.6
getpt                                             /lib/x86_64-linux-gnu/libc.so.6
getpt@@GLIBC_2.2.5                                /lib/x86_64-linux-gnu/libc.so.6
getpt@GLIBC_2.2.5                                 /lib/x86_64-linux-gnu/libc.so.6
getpw                                             /lib/x86_64-linux-gnu/libc.so.6
getpw@@GLIBC_2.2.5                                /lib/x86_64-linux-gnu/libc.so.6
getpw@GLIBC_2.2.5                                 /lib/x86_64-linux-gnu/libc.so.6
getrlimit                                         /lib/x86_64-linux-gnu/libc.so.6
getrlimit64                                       /lib/x86_64-linux-gnu/libc.so.6
getrlimit64@@GLIBC_2.2.5                          /lib/x86_64-linux-gnu/libc.so.6
getrlimit64@GLIBC_2.2.5                           /lib/x86_64-linux-gnu/libc.so.6
getrlimit@@GLIBC_2.2.5                            /lib/x86_64-linux-gnu/libc.so.6
getrlimit@GLIBC_2.2.5                             /lib/x86_64-linux-gnu/libc.so.6
getrusage                                         /lib/x86_64-linux-gnu/libc.so.6
getrusage@@GLIBC_2.2.5                            /lib/x86_64-linux-gnu/libc.so.6
getrusage@GLIBC_2.2.5                             /lib/x86_64-linux-gnu/libc.so.6
gets                                              /lib/x86_64-linux-gnu/libc.so.6
gets@@GLIBC_2.2.5                                 /lib/x86_64-linux-gnu/libc.so.6
gets@GLIBC_2.2.5                                  /lib/x86_64-linux-gnu/libc.so.6
getsockname                                       /lib/x86_64-linux-gnu/libc.so.6
getsockname@@GLIBC_2.2.5                          /lib/x86_64-linux-gnu/libc.so.6
getsockname@GLIBC_2.2.5                           /lib/x86_64-linux-gnu/libc.so.6
getsockopt                                        /lib/x86_64-linux-gnu/libc.so.6
getsockopt@@GLIBC_2.2.5                           /lib/x86_64-linux-gnu/libc.so.6
getsockopt@GLIBC_2.2.5                            /lib/x86_64-linux-gnu/libc.so.6
gettext                                           /lib/x86_64-linux-gnu/libc.so.6
gettext@@GLIBC_2.2.5                              /lib/x86_64-linux-gnu/libc.so.6
gettext@GLIBC_2.2.5                               /lib/x86_64-linux-gnu/libc.so.6
gettimeofday                                      /lib/x86_64-linux-gnu/libc.so.6
gettimeofday@@GLIBC_2.2.5                         /lib/x86_64-linux-gnu/libc.so.6
gettimeofday@GLIBC_2.2.5                          /lib/x86_64-linux-gnu/libc.so.6
getttyent                                         /lib/x86_64-linux-gnu/libc.so.6
getttyent@@GLIBC_2.2.5                            /lib/x86_64-linux-gnu/libc.so.6
getttyent@GLIBC_2.2.5                             /lib/x86_64-linux-gnu/libc.so.6
getttynam                                         /lib/x86_64-linux-gnu/libc.so.6
getttynam@@GLIBC_2.2.5                            /lib/x86_64-linux-gnu/libc.so.6
getttynam@GLIBC_2.2.5                             /lib/x86_64-linux-gnu/libc.so.6
getuid                                            /lib/x86_64-linux-gnu/libc.so.6
getuid@@GLIBC_2.2.5                               /lib/x86_64-linux-gnu/libc.so.6
getuid@GLIBC_2.2.5                                /lib/x86_64-linux-gnu/libc.so.6
getutent                                          /lib/x86_64-linux-gnu/libc.so.6
getutent@@GLIBC_2.2.5                             /lib/x86_64-linux-gnu/libc.so.6
getutent@GLIBC_2.2.5                              /lib/x86_64-linux-gnu/libc.so.6
getutent_r                                        /lib/x86_64-linux-gnu/libc.so.6
getutent_r@@GLIBC_2.2.5                           /lib/x86_64-linux-gnu/libc.so.6
getutent_r@GLIBC_2.2.5                            /lib/x86_64-linux-gnu/libc.so.6
getutid                                           /lib/x86_64-linux-gnu/libc.so.6
getutid@@GLIBC_2.2.5                              /lib/x86_64-linux-gnu/libc.so.6
getutid@GLIBC_2.2.5                               /lib/x86_64-linux-gnu/libc.so.6
getutid_r                                         /lib/x86_64-linux-gnu/libc.so.6
getutid_r@@GLIBC_2.2.5                            /lib/x86_64-linux-gnu/libc.so.6
getutid_r@GLIBC_2.2.5                             /lib/x86_64-linux-gnu/libc.so.6
getutline                                         /lib/x86_64-linux-gnu/libc.so.6
getutline@@GLIBC_2.2.5                            /lib/x86_64-linux-gnu/libc.so.6
getutline@GLIBC_2.2.5                             /lib/x86_64-linux-gnu/libc.so.6
getutline_r                                       /lib/x86_64-linux-gnu/libc.so.6
getutline_r@@GLIBC_2.2.5                          /lib/x86_64-linux-gnu/libc.so.6
getutline_r@GLIBC_2.2.5                           /lib/x86_64-linux-gnu/libc.so.6
getwc                                             /lib/x86_64-linux-gnu/libc.so.6
getwc@@GLIBC_2.2.5                                /lib/x86_64-linux-gnu/libc.so.6
getwc@GLIBC_2.2.5                                 /lib/x86_64-linux-gnu/libc.so.6
getwc_unlocked                                    /lib/x86_64-linux-gnu/libc.so.6
getwc_unlocked@@GLIBC_2.2.5                       /lib/x86_64-linux-gnu/libc.so.6
getwc_unlocked@GLIBC_2.2.5                        /lib/x86_64-linux-gnu/libc.so.6
glob_pattern_p                                    /lib/x86_64-linux-gnu/libc.so.6
glob_pattern_p@@GLIBC_2.2.5                       /lib/x86_64-linux-gnu/libc.so.6